==1818407== Memcheck, a memory error detector
==1818407== Copyright (C) 2002-2024, and GNU GPL'd, by Julian Seward et al.
==1818407== Using Valgrind-3.26.0 and LibVEX; rerun with -h for copyright info
==1818407== Command: /usr/bin/dd bs=1 count=12
==1818407== Parent PID: 1818406
==1818407== 
==1818407== Invalid size value: 1 alignment value: 4096 (size should be a multiple of alignment)
==1818407==    at 0x48587BC: aligned_alloc (vg_replace_malloc.c:2404)
==1818407==    by 0x4006D4D: ??? (in /usr/bin/dd)
==1818407==    by 0x40027FA: ??? (in /usr/bin/dd)
==1818407==    by 0x4885574: (below main) (in /usr/lib64/libc.so.6)
==1818407== 
==1818407== 
==1818407== FILE DESCRIPTORS: 3 open (3 inherited) at exit.
==1818407== 
==1818407== HEAP SUMMARY:
==1818407==     in use at exit: 1 bytes in 1 blocks
==1818407==   total heap usage: 17 allocs, 16 frees, 234 bytes allocated
==1818407== 
==1818407== 1 bytes in 1 blocks are still reachable in loss record 1 of 1
==1818407==    at 0x485885F: aligned_alloc (vg_replace_malloc.c:2404)
==1818407==    by 0x4006D4D: ??? (in /usr/bin/dd)
==1818407==    by 0x40027FA: ??? (in /usr/bin/dd)
==1818407==    by 0x4885574: (below main) (in /usr/lib64/libc.so.6)
==1818407== 
==1818407== LEAK SUMMARY:
==1818407==    definitely lost: 0 bytes in 0 blocks
==1818407==    indirectly lost: 0 bytes in 0 blocks
==1818407==      possibly lost: 0 bytes in 0 blocks
==1818407==    still reachable: 1 bytes in 1 blocks
==1818407==         suppressed: 0 bytes in 0 blocks
==1818407== 
==1818407== For lists of detected and suppressed errors, rerun with: -s
==1818407== ERROR SUMMARY: 1 errors from 1 contexts (suppressed: 0 from 0)
