==1818360== Memcheck, a memory error detector
==1818360== Copyright (C) 2002-2024, and GNU GPL'd, by Julian Seward et al.
==1818360== Using Valgrind-3.26.0 and LibVEX; rerun with -h for copyright info
==1818360== Command: ./webserv exemple.conf
==1818360== Parent PID: 1818358
==1818360== 
==1818360== 
==1818360== Process terminating with default action of signal 15 (SIGTERM)
==1818360==    at 0x4C7275E: __internal_syscall_cancel (cancellation.c:64)
==1818360==    by 0x4C72783: __syscall_cancel (cancellation.c:75)
==1818360==    by 0x4CEC2DD: poll (poll.c:29)
==1818360==    by 0x40F508: EventLoop::run() (EventLoop.cpp:59)
==1818360==    by 0x4078AD: main (main.cpp:32)
==1818360== 
==1818360== FILE DESCRIPTORS: 5 open (2 inherited) at exit.
==1818360== Open AF_INET socket 3: 0.0.0.0:8080 <-> <unbound>
==1818360==    at 0x4CFB11B: socket (syscall-template.S:120)
==1818360==    by 0x43AC38: Server::setup() (Server.cpp:32)
==1818360==    by 0x411614: EventLoop::EventLoop(std::vector<ServerConfig, std::allocator<ServerConfig> > const&) (EventLoop.cpp:34)
==1818360==    by 0x40788F: main (main.cpp:29)
==1818360== 
==1818360== Open file descriptor 1: /dev/pts/0
==1818360==    at 0x4CE7CDB: dup2 (dup2.c:29)
==1818360==    by 0x40CBFA: handleCgi(HttpRequest const&, LocationConfig const&, std::__cxx11::basic_string<char, std::char_traits<char>, std::allocator<char> > const&) (CgiHandler.cpp:356)
==1818360==    by 0x42DA8B: handleRequest(HttpRequest const&, std::vector<ServerConfig, std::allocator<ServerConfig> > const&) (RequestHandler.cpp:724)
==1818360==    by 0x4108B4: EventLoop::run() (EventLoop.cpp:134)
==1818360==    by 0x4078AD: main (main.cpp:32)
==1818360== 
==1818360== Open file descriptor 0: /dev/null
==1818360==    at 0x4CE7CDB: dup2 (dup2.c:29)
==1818360==    by 0x40CBE8: handleCgi(HttpRequest const&, LocationConfig const&, std::__cxx11::basic_string<char, std::char_traits<char>, std::allocator<char> > const&) (CgiHandler.cpp:355)
==1818360==    by 0x42DA8B: handleRequest(HttpRequest const&, std::vector<ServerConfig, std::allocator<ServerConfig> > const&) (RequestHandler.cpp:724)
==1818360==    by 0x4108B4: EventLoop::run() (EventLoop.cpp:134)
==1818360==    by 0x4078AD: main (main.cpp:32)
==1818360== 
==1818360== 
==1818360== HEAP SUMMARY:
==1818360==     in use at exit: 78,927 bytes in 81 blocks
==1818360==   total heap usage: 1,043 allocs, 962 frees, 14,692,543 bytes allocated
==1818360== 
==1818360== 4 bytes in 1 blocks are still reachable in loss record 1 of 31
==1818360==    at 0x48402AC: operator new(unsigned long) (vg_replace_malloc.c:488)
==1818360==    by 0x433AAF: allocate (new_allocator.h:151)
==1818360==    by 0x433AAF: allocate (alloc_traits.h:142)
==1818360==    by 0x433AAF: _M_allocate (stl_vector.h:387)
==1818360==    by 0x433AAF: _M_allocate_and_copy<__gnu_cxx::__normal_iterator<unsigned int const*, std::vector<unsigned int> > > (stl_vector.h:1910)
==1818360==    by 0x433AAF: operator= (vector.tcc:238)
==1818360==    by 0x433AAF: ServerConfig::operator=(ServerConfig const&) [clone .part.0] (ServerConfig.cpp:34)
==1818360==    by 0x435B1B: operator= (ServerConfig.cpp:47)
==1818360==    by 0x435B1B: ServerConfig::ServerConfig(ServerConfig const&) (ServerConfig.cpp:49)
==1818360==    by 0x40792A: _Construct<ServerConfig, ServerConfig> (stl_construct.h:142)
==1818360==    by 0x40792A: __do_uninit_copy<__gnu_cxx::__normal_iterator<const ServerConfig*, std::vector<ServerConfig> >, __gnu_cxx::__normal_iterator<const ServerConfig*, std::vector<ServerConfig> >, ServerConfig*> (stl_uninitialized.h:145)
==1818360==    by 0x40792A: __uninit_copy<__gnu_cxx::__normal_iterator<const ServerConfig*, std::vector<ServerConfig> >, ServerConfig*> (stl_uninitialized.h:170)
==1818360==    by 0x40792A: uninitialized_copy<__gnu_cxx::__normal_iterator<const ServerConfig*, std::vector<ServerConfig> >, ServerConfig*> (stl_uninitialized.h:315)
==1818360==    by 0x40792A: __uninitialized_copy_a<__gnu_cxx::__normal_iterator<const ServerConfig*, std::vector<ServerConfig> >, __gnu_cxx::__normal_iterator<const ServerConfig*, std::vector<ServerConfig> >, ServerConfig*, ServerConfig> (stl_uninitialized.h:637)
==1818360==    by 0x40792A: _M_allocate_and_copy<__gnu_cxx::__normal_iterator<const ServerConfig*, std::vector<ServerConfig> > > (stl_vector.h:1912)
==1818360==    by 0x40792A: operator= (vector.tcc:238)
==1818360==    by 0x40792A: main (main.cpp:28)
==1818360== 
==1818360== 4 bytes in 1 blocks are still reachable in loss record 2 of 31
==1818360==    at 0x48402AC: operator new(unsigned long) (vg_replace_malloc.c:488)
==1818360==    by 0x433AAF: allocate (new_allocator.h:151)
==1818360==    by 0x433AAF: allocate (alloc_traits.h:142)
==1818360==    by 0x433AAF: _M_allocate (stl_vector.h:387)
==1818360==    by 0x433AAF: _M_allocate_and_copy<__gnu_cxx::__normal_iterator<unsigned int const*, std::vector<unsigned int> > > (stl_vector.h:1910)
==1818360==    by 0x433AAF: operator= (vector.tcc:238)
==1818360==    by 0x433AAF: ServerConfig::operator=(ServerConfig const&) [clone .part.0] (ServerConfig.cpp:34)
==1818360==    by 0x435B1B: operator= (ServerConfig.cpp:47)
==1818360==    by 0x435B1B: ServerConfig::ServerConfig(ServerConfig const&) (ServerConfig.cpp:49)
==1818360==    by 0x411C55: construct (new_allocator.h:205)
==1818360==    by 0x411C55: construct<ServerConfig> (alloc_traits.h:157)
==1818360==    by 0x411C55: std::vector<ServerConfig, std::allocator<ServerConfig> >::_M_realloc_append(ServerConfig const&) (vector.tcc:590)
==1818360==    by 0x411846: push_back (stl_vector.h:1427)
==1818360==    by 0x411846: EventLoop::EventLoop(std::vector<ServerConfig, std::allocator<ServerConfig> > const&) (EventLoop.cpp:40)
==1818360==    by 0x40788F: main (main.cpp:29)
==1818360== 
==1818360== 16 bytes in 1 blocks are still reachable in loss record 3 of 31
==1818360==    at 0x48402AC: operator new(unsigned long) (vg_replace_malloc.c:488)
==1818360==    by 0x40F741: allocate (new_allocator.h:151)
==1818360==    by 0x40F741: allocate (alloc_traits.h:142)
==1818360==    by 0x40F741: _M_allocate (stl_vector.h:387)
==1818360==    by 0x40F741: _M_realloc_append (vector.tcc:572)
==1818360==    by 0x40F741: push_back (stl_vector.h:1427)
==1818360==    by 0x40F741: EventLoop::run() (EventLoop.cpp:156)
==1818360==    by 0x4078AD: main (main.cpp:32)
==1818360== 
==1818360== 20 bytes in 1 blocks are still reachable in loss record 4 of 31
==1818360==    at 0x48402AC: operator new(unsigned long) (vg_replace_malloc.c:488)
==1818360==    by 0x433A6D: _M_construct<true> (basic_string.tcc:291)
==1818360==    by 0x433A6D: basic_string (basic_string.h:617)
==1818360==    by 0x433A6D: _Construct<std::__cxx11::basic_string<char>, std::__cxx11::basic_string<char> > (stl_construct.h:142)
==1818360==    by 0x433A6D: __do_uninit_copy<__gnu_cxx::__normal_iterator<const std::__cxx11::basic_string<char>*, std::vector<std::__cxx11::basic_string<char> > >, __gnu_cxx::__normal_iterator<const std::__cxx11::basic_string<char>*, std::vector<std::__cxx11::basic_string<char> > >, std::__cxx11::basic_string<char>*> (stl_uninitialized.h:145)
==1818360==    by 0x433A6D: __uninit_copy<__gnu_cxx::__normal_iterator<const std::__cxx11::basic_string<char>*, std::vector<std::__cxx11::basic_string<char> > >, std::__cxx11::basic_string<char>*> (stl_uninitialized.h:170)
==1818360==    by 0x433A6D: uninitialized_copy<__gnu_cxx::__normal_iterator<const std::__cxx11::basic_string<char>*, std::vector<std::__cxx11::basic_string<char> > >, std::__cxx11::basic_string<char>*> (stl_uninitialized.h:315)
==1818360==    by 0x433A6D: __uninitialized_copy_a<__gnu_cxx::__normal_iterator<const std::__cxx11::basic_string<char>*, std::vector<std::__cxx11::basic_string<char> > >, __gnu_cxx::__normal_iterator<const std::__cxx11::basic_string<char>*, std::vector<std::__cxx11::basic_string<char> > >, std::__cxx11::basic_string<char>*, std::__cxx11::basic_string<char> > (stl_uninitialized.h:637)
==1818360==    by 0x433A6D: vector (stl_vector.h:636)
==1818360==    by 0x433A6D: LocationConfig (LocationConfig.hpp:53)
==1818360==    by 0x433A6D: _Construct<LocationConfig, LocationConfig> (stl_construct.h:142)
==1818360==    by 0x433A6D: __do_uninit_copy<__gnu_cxx::__normal_iterator<const LocationConfig*, std::vector<LocationConfig> >, __gnu_cxx::__normal_iterator<const LocationConfig*, std::vector<LocationConfig> >, LocationConfig*> (stl_uninitialized.h:145)
==1818360==    by 0x433A6D: __uninit_copy<__gnu_cxx::__normal_iterator<const LocationConfig*, std::vector<LocationConfig> >, LocationConfig*> (stl_uninitialized.h:170)
==1818360==    by 0x433A6D: uninitialized_copy<__gnu_cxx::__normal_iterator<const LocationConfig*, std::vector<LocationConfig> >, LocationConfig*> (stl_uninitialized.h:315)
==1818360==    by 0x433A6D: __uninitialized_copy_a<__gnu_cxx::__normal_iterator<const LocationConfig*, std::vector<LocationConfig> >, __gnu_cxx::__normal_iterator<const LocationConfig*, std::vector<LocationConfig> >, LocationConfig*, LocationConfig> (stl_uninitialized.h:637)
==1818360==    by 0x433A6D: _M_allocate_and_copy<__gnu_cxx::__normal_iterator<const LocationConfig*, std::vector<LocationConfig> > > (stl_vector.h:1912)
==1818360==    by 0x433A6D: operator= (vector.tcc:238)
==1818360==    by 0x433A6D: ServerConfig::operator=(ServerConfig const&) [clone .part.0] (ServerConfig.cpp:40)
==1818360==    by 0x435B1B: operator= (ServerConfig.cpp:47)
==1818360==    by 0x435B1B: ServerConfig::ServerConfig(ServerConfig const&) (ServerConfig.cpp:49)
==1818360==    by 0x40792A: _Construct<ServerConfig, ServerConfig> (stl_construct.h:142)
==1818360==    by 0x40792A: __do_uninit_copy<__gnu_cxx::__normal_iterator<const ServerConfig*, std::vector<ServerConfig> >, __gnu_cxx::__normal_iterator<const ServerConfig*, std::vector<ServerConfig> >, ServerConfig*> (stl_uninitialized.h:145)
==1818360==    by 0x40792A: __uninit_copy<__gnu_cxx::__normal_iterator<const ServerConfig*, std::vector<ServerConfig> >, ServerConfig*> (stl_uninitialized.h:170)
==1818360==    by 0x40792A: uninitialized_copy<__gnu_cxx::__normal_iterator<const ServerConfig*, std::vector<ServerConfig> >, ServerConfig*> (stl_uninitialized.h:315)
==1818360==    by 0x40792A: __uninitialized_copy_a<__gnu_cxx::__normal_iterator<const ServerConfig*, std::vector<ServerConfig> >, __gnu_cxx::__normal_iterator<const ServerConfig*, std::vector<ServerConfig> >, ServerConfig*, ServerConfig> (stl_uninitialized.h:637)
==1818360==    by 0x40792A: _M_allocate_and_copy<__gnu_cxx::__normal_iterator<const ServerConfig*, std::vector<ServerConfig> > > (stl_vector.h:1912)
==1818360==    by 0x40792A: operator= (vector.tcc:238)
==1818360==    by 0x40792A: main (main.cpp:28)
==1818360== 
==1818360== 20 bytes in 1 blocks are still reachable in loss record 5 of 31
==1818360==    at 0x48402AC: operator new(unsigned long) (vg_replace_malloc.c:488)
==1818360==    by 0x433A6D: _M_construct<true> (basic_string.tcc:291)
==1818360==    by 0x433A6D: basic_string (basic_string.h:617)
==1818360==    by 0x433A6D: _Construct<std::__cxx11::basic_string<char>, std::__cxx11::basic_string<char> > (stl_construct.h:142)
==1818360==    by 0x433A6D: __do_uninit_copy<__gnu_cxx::__normal_iterator<const std::__cxx11::basic_string<char>*, std::vector<std::__cxx11::basic_string<char> > >, __gnu_cxx::__normal_iterator<const std::__cxx11::basic_string<char>*, std::vector<std::__cxx11::basic_string<char> > >, std::__cxx11::basic_string<char>*> (stl_uninitialized.h:145)
==1818360==    by 0x433A6D: __uninit_copy<__gnu_cxx::__normal_iterator<const std::__cxx11::basic_string<char>*, std::vector<std::__cxx11::basic_string<char> > >, std::__cxx11::basic_string<char>*> (stl_uninitialized.h:170)
==1818360==    by 0x433A6D: uninitialized_copy<__gnu_cxx::__normal_iterator<const std::__cxx11::basic_string<char>*, std::vector<std::__cxx11::basic_string<char> > >, std::__cxx11::basic_string<char>*> (stl_uninitialized.h:315)
==1818360==    by 0x433A6D: __uninitialized_copy_a<__gnu_cxx::__normal_iterator<const std::__cxx11::basic_string<char>*, std::vector<std::__cxx11::basic_string<char> > >, __gnu_cxx::__normal_iterator<const std::__cxx11::basic_string<char>*, std::vector<std::__cxx11::basic_string<char> > >, std::__cxx11::basic_string<char>*, std::__cxx11::basic_string<char> > (stl_uninitialized.h:637)
==1818360==    by 0x433A6D: vector (stl_vector.h:636)
==1818360==    by 0x433A6D: LocationConfig (LocationConfig.hpp:53)
==1818360==    by 0x433A6D: _Construct<LocationConfig, LocationConfig> (stl_construct.h:142)
==1818360==    by 0x433A6D: __do_uninit_copy<__gnu_cxx::__normal_iterator<const LocationConfig*, std::vector<LocationConfig> >, __gnu_cxx::__normal_iterator<const LocationConfig*, std::vector<LocationConfig> >, LocationConfig*> (stl_uninitialized.h:145)
==1818360==    by 0x433A6D: __uninit_copy<__gnu_cxx::__normal_iterator<const LocationConfig*, std::vector<LocationConfig> >, LocationConfig*> (stl_uninitialized.h:170)
==1818360==    by 0x433A6D: uninitialized_copy<__gnu_cxx::__normal_iterator<const LocationConfig*, std::vector<LocationConfig> >, LocationConfig*> (stl_uninitialized.h:315)
==1818360==    by 0x433A6D: __uninitialized_copy_a<__gnu_cxx::__normal_iterator<const LocationConfig*, std::vector<LocationConfig> >, __gnu_cxx::__normal_iterator<const LocationConfig*, std::vector<LocationConfig> >, LocationConfig*, LocationConfig> (stl_uninitialized.h:637)
==1818360==    by 0x433A6D: _M_allocate_and_copy<__gnu_cxx::__normal_iterator<const LocationConfig*, std::vector<LocationConfig> > > (stl_vector.h:1912)
==1818360==    by 0x433A6D: operator= (vector.tcc:238)
==1818360==    by 0x433A6D: ServerConfig::operator=(ServerConfig const&) [clone .part.0] (ServerConfig.cpp:40)
==1818360==    by 0x435B1B: operator= (ServerConfig.cpp:47)
==1818360==    by 0x435B1B: ServerConfig::ServerConfig(ServerConfig const&) (ServerConfig.cpp:49)
==1818360==    by 0x411C55: construct (new_allocator.h:205)
==1818360==    by 0x411C55: construct<ServerConfig> (alloc_traits.h:157)
==1818360==    by 0x411C55: std::vector<ServerConfig, std::allocator<ServerConfig> >::_M_realloc_append(ServerConfig const&) (vector.tcc:590)
==1818360==    by 0x411846: push_back (stl_vector.h:1427)
==1818360==    by 0x411846: EventLoop::EventLoop(std::vector<ServerConfig, std::allocator<ServerConfig> > const&) (EventLoop.cpp:40)
==1818360==    by 0x40788F: main (main.cpp:29)
==1818360== 
==1818360== 24 bytes in 1 blocks are still reachable in loss record 6 of 31
==1818360==    at 0x48402AC: operator new(unsigned long) (vg_replace_malloc.c:488)
==1818360==    by 0x411973: allocate (new_allocator.h:151)
==1818360==    by 0x411973: allocate (alloc_traits.h:142)
==1818360==    by 0x411973: _M_allocate (stl_vector.h:387)
==1818360==    by 0x411973: _M_realloc_append (vector.tcc:572)
==1818360==    by 0x411973: push_back (stl_vector.h:1427)
==1818360==    by 0x411973: EventLoop::EventLoop(std::vector<ServerConfig, std::allocator<ServerConfig> > const&) (EventLoop.cpp:33)
==1818360==    by 0x40788F: main (main.cpp:29)
==1818360== 
==1818360== 32 bytes in 1 blocks are still reachable in loss record 7 of 31
==1818360==    at 0x48402AC: operator new(unsigned long) (vg_replace_malloc.c:488)
==1818360==    by 0x42FB87: allocate (new_allocator.h:151)
==1818360==    by 0x42FB87: allocate (alloc_traits.h:142)
==1818360==    by 0x42FB87: _M_allocate (stl_vector.h:387)
==1818360==    by 0x42FB87: _M_allocate_and_copy<__gnu_cxx::__normal_iterator<const std::__cxx11::basic_string<char>*, std::vector<std::__cxx11::basic_string<char> > > > (stl_vector.h:1910)
==1818360==    by 0x42FB87: std::vector<std::__cxx11::basic_string<char, std::char_traits<char>, std::allocator<char> >, std::allocator<std::__cxx11::basic_string<char, std::char_traits<char>, std::allocator<char> > > >::operator=(std::vector<std::__cxx11::basic_string<char, std::char_traits<char>, std::allocator<char> >, std::allocator<std::__cxx11::basic_string<char, std::char_traits<char>, std::allocator<char> > > > const&) [clone .isra.0] (vector.tcc:238)
==1818360==    by 0x433123: ServerConfig::operator=(ServerConfig const&) [clone .part.0] (ServerConfig.cpp:33)
==1818360==    by 0x435B1B: operator= (ServerConfig.cpp:47)
==1818360==    by 0x435B1B: ServerConfig::ServerConfig(ServerConfig const&) (ServerConfig.cpp:49)
==1818360==    by 0x40792A: _Construct<ServerConfig, ServerConfig> (stl_construct.h:142)
==1818360==    by 0x40792A: __do_uninit_copy<__gnu_cxx::__normal_iterator<const ServerConfig*, std::vector<ServerConfig> >, __gnu_cxx::__normal_iterator<const ServerConfig*, std::vector<ServerConfig> >, ServerConfig*> (stl_uninitialized.h:145)
==1818360==    by 0x40792A: __uninit_copy<__gnu_cxx::__normal_iterator<const ServerConfig*, std::vector<ServerConfig> >, ServerConfig*> (stl_uninitialized.h:170)
==1818360==    by 0x40792A: uninitialized_copy<__gnu_cxx::__normal_iterator<const ServerConfig*, std::vector<ServerConfig> >, ServerConfig*> (stl_uninitialized.h:315)
==1818360==    by 0x40792A: __uninitialized_copy_a<__gnu_cxx::__normal_iterator<const ServerConfig*, std::vector<ServerConfig> >, __gnu_cxx::__normal_iterator<const ServerConfig*, std::vector<ServerConfig> >, ServerConfig*, ServerConfig> (stl_uninitialized.h:637)
==1818360==    by 0x40792A: _M_allocate_and_copy<__gnu_cxx::__normal_iterator<const ServerConfig*, std::vector<ServerConfig> > > (stl_vector.h:1912)
==1818360==    by 0x40792A: operator= (vector.tcc:238)
==1818360==    by 0x40792A: main (main.cpp:28)
==1818360== 
==1818360== 32 bytes in 1 blocks are still reachable in loss record 8 of 31
==1818360==    at 0x48402AC: operator new(unsigned long) (vg_replace_malloc.c:488)
==1818360==    by 0x42FB87: allocate (new_allocator.h:151)
==1818360==    by 0x42FB87: allocate (alloc_traits.h:142)
==1818360==    by 0x42FB87: _M_allocate (stl_vector.h:387)
==1818360==    by 0x42FB87: _M_allocate_and_copy<__gnu_cxx::__normal_iterator<const std::__cxx11::basic_string<char>*, std::vector<std::__cxx11::basic_string<char> > > > (stl_vector.h:1910)
==1818360==    by 0x42FB87: std::vector<std::__cxx11::basic_string<char, std::char_traits<char>, std::allocator<char> >, std::allocator<std::__cxx11::basic_string<char, std::char_traits<char>, std::allocator<char> > > >::operator=(std::vector<std::__cxx11::basic_string<char, std::char_traits<char>, std::allocator<char> >, std::allocator<std::__cxx11::basic_string<char, std::char_traits<char>, std::allocator<char> > > > const&) [clone .isra.0] (vector.tcc:238)
==1818360==    by 0x43319C: ServerConfig::operator=(ServerConfig const&) [clone .part.0] (ServerConfig.cpp:35)
==1818360==    by 0x435B1B: operator= (ServerConfig.cpp:47)
==1818360==    by 0x435B1B: ServerConfig::ServerConfig(ServerConfig const&) (ServerConfig.cpp:49)
==1818360==    by 0x40792A: _Construct<ServerConfig, ServerConfig> (stl_construct.h:142)
==1818360==    by 0x40792A: __do_uninit_copy<__gnu_cxx::__normal_iterator<const ServerConfig*, std::vector<ServerConfig> >, __gnu_cxx::__normal_iterator<const ServerConfig*, std::vector<ServerConfig> >, ServerConfig*> (stl_uninitialized.h:145)
==1818360==    by 0x40792A: __uninit_copy<__gnu_cxx::__normal_iterator<const ServerConfig*, std::vector<ServerConfig> >, ServerConfig*> (stl_uninitialized.h:170)
==1818360==    by 0x40792A: uninitialized_copy<__gnu_cxx::__normal_iterator<const ServerConfig*, std::vector<ServerConfig> >, ServerConfig*> (stl_uninitialized.h:315)
==1818360==    by 0x40792A: __uninitialized_copy_a<__gnu_cxx::__normal_iterator<const ServerConfig*, std::vector<ServerConfig> >, __gnu_cxx::__normal_iterator<const ServerConfig*, std::vector<ServerConfig> >, ServerConfig*, ServerConfig> (stl_uninitialized.h:637)
==1818360==    by 0x40792A: _M_allocate_and_copy<__gnu_cxx::__normal_iterator<const ServerConfig*, std::vector<ServerConfig> > > (stl_vector.h:1912)
==1818360==    by 0x40792A: operator= (vector.tcc:238)
==1818360==    by 0x40792A: main (main.cpp:28)
==1818360== 
==1818360== 32 bytes in 1 blocks are still reachable in loss record 9 of 31
==1818360==    at 0x48402AC: operator new(unsigned long) (vg_replace_malloc.c:488)
==1818360==    by 0x42FB87: allocate (new_allocator.h:151)
==1818360==    by 0x42FB87: allocate (alloc_traits.h:142)
==1818360==    by 0x42FB87: _M_allocate (stl_vector.h:387)
==1818360==    by 0x42FB87: _M_allocate_and_copy<__gnu_cxx::__normal_iterator<const std::__cxx11::basic_string<char>*, std::vector<std::__cxx11::basic_string<char> > > > (stl_vector.h:1910)
==1818360==    by 0x42FB87: std::vector<std::__cxx11::basic_string<char, std::char_traits<char>, std::allocator<char> >, std::allocator<std::__cxx11::basic_string<char, std::char_traits<char>, std::allocator<char> > > >::operator=(std::vector<std::__cxx11::basic_string<char, std::char_traits<char>, std::allocator<char> >, std::allocator<std::__cxx11::basic_string<char, std::char_traits<char>, std::allocator<char> > > > const&) [clone .isra.0] (vector.tcc:238)
==1818360==    by 0x4331BE: ServerConfig::operator=(ServerConfig const&) [clone .part.0] (ServerConfig.cpp:37)
==1818360==    by 0x435B1B: operator= (ServerConfig.cpp:47)
==1818360==    by 0x435B1B: ServerConfig::ServerConfig(ServerConfig const&) (ServerConfig.cpp:49)
==1818360==    by 0x40792A: _Construct<ServerConfig, ServerConfig> (stl_construct.h:142)
==1818360==    by 0x40792A: __do_uninit_copy<__gnu_cxx::__normal_iterator<const ServerConfig*, std::vector<ServerConfig> >, __gnu_cxx::__normal_iterator<const ServerConfig*, std::vector<ServerConfig> >, ServerConfig*> (stl_uninitialized.h:145)
==1818360==    by 0x40792A: __uninit_copy<__gnu_cxx::__normal_iterator<const ServerConfig*, std::vector<ServerConfig> >, ServerConfig*> (stl_uninitialized.h:170)
==1818360==    by 0x40792A: uninitialized_copy<__gnu_cxx::__normal_iterator<const ServerConfig*, std::vector<ServerConfig> >, ServerConfig*> (stl_uninitialized.h:315)
==1818360==    by 0x40792A: __uninitialized_copy_a<__gnu_cxx::__normal_iterator<const ServerConfig*, std::vector<ServerConfig> >, __gnu_cxx::__normal_iterator<const ServerConfig*, std::vector<ServerConfig> >, ServerConfig*, ServerConfig> (stl_uninitialized.h:637)
==1818360==    by 0x40792A: _M_allocate_and_copy<__gnu_cxx::__normal_iterator<const ServerConfig*, std::vector<ServerConfig> > > (stl_vector.h:1912)
==1818360==    by 0x40792A: operator= (vector.tcc:238)
==1818360==    by 0x40792A: main (main.cpp:28)
==1818360== 
==1818360== 32 bytes in 1 blocks are still reachable in loss record 10 of 31
==1818360==    at 0x48402AC: operator new(unsigned long) (vg_replace_malloc.c:488)
==1818360==    by 0x42FB87: allocate (new_allocator.h:151)
==1818360==    by 0x42FB87: allocate (alloc_traits.h:142)
==1818360==    by 0x42FB87: _M_allocate (stl_vector.h:387)
==1818360==    by 0x42FB87: _M_allocate_and_copy<__gnu_cxx::__normal_iterator<const std::__cxx11::basic_string<char>*, std::vector<std::__cxx11::basic_string<char> > > > (stl_vector.h:1910)
==1818360==    by 0x42FB87: std::vector<std::__cxx11::basic_string<char, std::char_traits<char>, std::allocator<char> >, std::allocator<std::__cxx11::basic_string<char, std::char_traits<char>, std::allocator<char> > > >::operator=(std::vector<std::__cxx11::basic_string<char, std::char_traits<char>, std::allocator<char> >, std::allocator<std::__cxx11::basic_string<char, std::char_traits<char>, std::allocator<char> > > > const&) [clone .isra.0] (vector.tcc:238)
==1818360==    by 0x433123: ServerConfig::operator=(ServerConfig const&) [clone .part.0] (ServerConfig.cpp:33)
==1818360==    by 0x435B1B: operator= (ServerConfig.cpp:47)
==1818360==    by 0x435B1B: ServerConfig::ServerConfig(ServerConfig const&) (ServerConfig.cpp:49)
==1818360==    by 0x411C55: construct (new_allocator.h:205)
==1818360==    by 0x411C55: construct<ServerConfig> (alloc_traits.h:157)
==1818360==    by 0x411C55: std::vector<ServerConfig, std::allocator<ServerConfig> >::_M_realloc_append(ServerConfig const&) (vector.tcc:590)
==1818360==    by 0x411846: push_back (stl_vector.h:1427)
==1818360==    by 0x411846: EventLoop::EventLoop(std::vector<ServerConfig, std::allocator<ServerConfig> > const&) (EventLoop.cpp:40)
==1818360==    by 0x40788F: main (main.cpp:29)
==1818360== 
==1818360== 32 bytes in 1 blocks are still reachable in loss record 11 of 31
==1818360==    at 0x48402AC: operator new(unsigned long) (vg_replace_malloc.c:488)
==1818360==    by 0x42FB87: allocate (new_allocator.h:151)
==1818360==    by 0x42FB87: allocate (alloc_traits.h:142)
==1818360==    by 0x42FB87: _M_allocate (stl_vector.h:387)
==1818360==    by 0x42FB87: _M_allocate_and_copy<__gnu_cxx::__normal_iterator<const std::__cxx11::basic_string<char>*, std::vector<std::__cxx11::basic_string<char> > > > (stl_vector.h:1910)
==1818360==    by 0x42FB87: std::vector<std::__cxx11::basic_string<char, std::char_traits<char>, std::allocator<char> >, std::allocator<std::__cxx11::basic_string<char, std::char_traits<char>, std::allocator<char> > > >::operator=(std::vector<std::__cxx11::basic_string<char, std::char_traits<char>, std::allocator<char> >, std::allocator<std::__cxx11::basic_string<char, std::char_traits<char>, std::allocator<char> > > > const&) [clone .isra.0] (vector.tcc:238)
==1818360==    by 0x43319C: ServerConfig::operator=(ServerConfig const&) [clone .part.0] (ServerConfig.cpp:35)
==1818360==    by 0x435B1B: operator= (ServerConfig.cpp:47)
==1818360==    by 0x435B1B: ServerConfig::ServerConfig(ServerConfig const&) (ServerConfig.cpp:49)
==1818360==    by 0x411C55: construct (new_allocator.h:205)
==1818360==    by 0x411C55: construct<ServerConfig> (alloc_traits.h:157)
==1818360==    by 0x411C55: std::vector<ServerConfig, std::allocator<ServerConfig> >::_M_realloc_append(ServerConfig const&) (vector.tcc:590)
==1818360==    by 0x411846: push_back (stl_vector.h:1427)
==1818360==    by 0x411846: EventLoop::EventLoop(std::vector<ServerConfig, std::allocator<ServerConfig> > const&) (EventLoop.cpp:40)
==1818360==    by 0x40788F: main (main.cpp:29)
==1818360== 
==1818360== 32 bytes in 1 blocks are still reachable in loss record 12 of 31
==1818360==    at 0x48402AC: operator new(unsigned long) (vg_replace_malloc.c:488)
==1818360==    by 0x42FB87: allocate (new_allocator.h:151)
==1818360==    by 0x42FB87: allocate (alloc_traits.h:142)
==1818360==    by 0x42FB87: _M_allocate (stl_vector.h:387)
==1818360==    by 0x42FB87: _M_allocate_and_copy<__gnu_cxx::__normal_iterator<const std::__cxx11::basic_string<char>*, std::vector<std::__cxx11::basic_string<char> > > > (stl_vector.h:1910)
==1818360==    by 0x42FB87: std::vector<std::__cxx11::basic_string<char, std::char_traits<char>, std::allocator<char> >, std::allocator<std::__cxx11::basic_string<char, std::char_traits<char>, std::allocator<char> > > >::operator=(std::vector<std::__cxx11::basic_string<char, std::char_traits<char>, std::allocator<char> >, std::allocator<std::__cxx11::basic_string<char, std::char_traits<char>, std::allocator<char> > > > const&) [clone .isra.0] (vector.tcc:238)
==1818360==    by 0x4331BE: ServerConfig::operator=(ServerConfig const&) [clone .part.0] (ServerConfig.cpp:37)
==1818360==    by 0x435B1B: operator= (ServerConfig.cpp:47)
==1818360==    by 0x435B1B: ServerConfig::ServerConfig(ServerConfig const&) (ServerConfig.cpp:49)
==1818360==    by 0x411C55: construct (new_allocator.h:205)
==1818360==    by 0x411C55: construct<ServerConfig> (alloc_traits.h:157)
==1818360==    by 0x411C55: std::vector<ServerConfig, std::allocator<ServerConfig> >::_M_realloc_append(ServerConfig const&) (vector.tcc:590)
==1818360==    by 0x411846: push_back (stl_vector.h:1427)
==1818360==    by 0x411846: EventLoop::EventLoop(std::vector<ServerConfig, std::allocator<ServerConfig> > const&) (EventLoop.cpp:40)
==1818360==    by 0x40788F: main (main.cpp:29)
==1818360== 
==1818360== 40 bytes in 1 blocks are still reachable in loss record 13 of 31
==1818360==    at 0x48402AC: operator new(unsigned long) (vg_replace_malloc.c:488)
==1818360==    by 0x4115AA: allocate (new_allocator.h:151)
==1818360==    by 0x4115AA: allocate (alloc_traits.h:142)
==1818360==    by 0x4115AA: _M_get_node (stl_tree.h:1170)
==1818360==    by 0x4115AA: _M_create_node (stl_tree.h:1225)
==1818360==    by 0x4115AA: operator()<int> (stl_tree.h:1136)
==1818360==    by 0x4115AA: _M_insert_<std::_Rb_tree<int, int, std::_Identity<int>, std::less<int>, std::allocator<int> >::_Alloc_node> (stl_tree.h:2481)
==1818360==    by 0x4115AA: _M_insert_unique (stl_tree.h:2798)
==1818360==    by 0x4115AA: insert (stl_set.h:536)
==1818360==    by 0x4115AA: EventLoop::EventLoop(std::vector<ServerConfig, std::allocator<ServerConfig> > const&) (EventLoop.cpp:31)
==1818360==    by 0x40788F: main (main.cpp:29)
==1818360== 
==1818360== 64 bytes in 1 blocks are still reachable in loss record 14 of 31
==1818360==    at 0x48402AC: operator new(unsigned long) (vg_replace_malloc.c:488)
==1818360==    by 0x42FCDB: allocate (new_allocator.h:151)
==1818360==    by 0x42FCDB: allocate (alloc_traits.h:142)
==1818360==    by 0x42FCDB: _M_get_node (stl_tree.h:1170)
==1818360==    by 0x42FCDB: _M_create_node (stl_tree.h:1225)
==1818360==    by 0x42FCDB: operator()<std::__cxx11::basic_string<char> > (stl_tree.h:1136)
==1818360==    by 0x42FCDB: _M_clone_node<false, std::_Rb_tree<std::__cxx11::basic_string<char>, std::__cxx11::basic_string<char>, std::_Identity<std::__cxx11::basic_string<char> >, std::less<std::__cxx11::basic_string<char> >, std::allocator<std::__cxx11::basic_string<char> > >::_Alloc_node> (stl_tree.h:1287)
==1818360==    by 0x42FCDB: std::_Rb_tree_node_base* std::_Rb_tree<std::__cxx11::basic_string<char, std::char_traits<char>, std::allocator<char> >, std::__cxx11::basic_string<char, std::char_traits<char>, std::allocator<char> >, std::_Identity<std::__cxx11::basic_string<char, std::char_traits<char>, std::allocator<char> > >, std::less<std::__cxx11::basic_string<char, std::char_traits<char>, std::allocator<char> > >, std::allocator<std::__cxx11::basic_string<char, std::char_traits<char>, std::allocator<char> > > >::_M_copy<false, std::_Rb_tree<std::__cxx11::basic_string<char, std::char_traits<char>, std::allocator<char> >, std::__cxx11::basic_string<char, std::char_traits<char>, std::allocator<char> >, std::_Identity<std::__cxx11::basic_string<char, std::char_traits<char>, std::allocator<char> > >, std::less<std::__cxx11::basic_string<char, std::char_traits<char>, std::allocator<char> > >, std::allocator<std::__cxx11::basic_string<char, std::char_traits<char>, std::allocator<char> > > >::_Alloc_node>(std::_Rb_tree_node<std::__cxx11::basic_string<char, std::char_traits<char>, std::allocator<char> > >*, std::_Rb_tree_node_base*, std::_Rb_tree<std::__cxx11::basic_string<char, std::char_traits<char>, std::allocator<char> >, std::__cxx11::basic_string<char, std::char_traits<char>, std::allocator<char> >, std::_Identity<std::__cxx11::basic_string<char, std::char_traits<char>, std::allocator<char> > >, std::less<std::__cxx11::basic_string<char, std::char_traits<char>, std::allocator<char> > >, std::allocator<std::__cxx11::basic_string<char, std::char_traits<char>, std::allocator<char> > > >::_Alloc_node&) [clone .isra.0] (stl_tree.h:2546)
==1818360==    by 0x42FD53: std::_Rb_tree_node_base* std::_Rb_tree<std::__cxx11::basic_string<char, std::char_traits<char>, std::allocator<char> >, std::__cxx11::basic_string<char, std::char_traits<char>, std::allocator<char> >, std::_Identity<std::__cxx11::basic_string<char, std::char_traits<char>, std::allocator<char> > >, std::less<std::__cxx11::basic_string<char, std::char_traits<char>, std::allocator<char> > >, std::allocator<std::__cxx11::basic_string<char, std::char_traits<char>, std::allocator<char> > > >::_M_copy<false, std::_Rb_tree<std::__cxx11::basic_string<char, std::char_traits<char>, std::allocator<char> >, std::__cxx11::basic_string<char, std::char_traits<char>, std::allocator<char> >, std::_Identity<std::__cxx11::basic_string<char, std::char_traits<char>, std::allocator<char> > >, std::less<std::__cxx11::basic_string<char, std::char_traits<char>, std::allocator<char> > >, std::allocator<std::__cxx11::basic_string<char, std::char_traits<char>, std::allocator<char> > > >::_Alloc_node>(std::_Rb_tree_node<std::__cxx11::basic_string<char, std::char_traits<char>, std::allocator<char> > >*, std::_Rb_tree_node_base*, std::_Rb_tree<std::__cxx11::basic_string<char, std::char_traits<char>, std::allocator<char> >, std::__cxx11::basic_string<char, std::char_traits<char>, std::allocator<char> >, std::_Identity<std::__cxx11::basic_string<char, std::char_traits<char>, std::allocator<char> > >, std::less<std::__cxx11::basic_string<char, std::char_traits<char>, std::allocator<char> > >, std::allocator<std::__cxx11::basic_string<char, std::char_traits<char>, std::allocator<char> > > >::_Alloc_node&) [clone .isra.0] (stl_tree.h:2554)
==1818360==    by 0x4336C6: _M_copy<false, std::_Rb_tree<std::__cxx11::basic_string<char>, std::__cxx11::basic_string<char>, std::_Identity<std::__cxx11::basic_string<char> >, std::less<std::__cxx11::basic_string<char> >, std::allocator<std::__cxx11::basic_string<char> > >::_Alloc_node> (stl_tree.h:1523)
==1818360==    by 0x4336C6: _M_copy (stl_tree.h:1534)
==1818360==    by 0x4336C6: _Rb_tree (stl_tree.h:1564)
==1818360==    by 0x4336C6: set (stl_set.h:226)
==1818360==    by 0x4336C6: LocationConfig (LocationConfig.hpp:53)
==1818360==    by 0x4336C6: _Construct<LocationConfig, LocationConfig> (stl_construct.h:142)
==1818360==    by 0x4336C6: __do_uninit_copy<__gnu_cxx::__normal_iterator<const LocationConfig*, std::vector<LocationConfig> >, __gnu_cxx::__normal_iterator<const LocationConfig*, std::vector<LocationConfig> >, LocationConfig*> (stl_uninitialized.h:145)
==1818360==    by 0x4336C6: __uninit_copy<__gnu_cxx::__normal_iterator<const LocationConfig*, std::vector<LocationConfig> >, LocationConfig*> (stl_uninitialized.h:170)
==1818360==    by 0x4336C6: uninitialized_copy<__gnu_cxx::__normal_iterator<const LocationConfig*, std::vector<LocationConfig> >, LocationConfig*> (stl_uninitialized.h:315)
==1818360==    by 0x4336C6: __uninitialized_copy_a<__gnu_cxx::__normal_iterator<const LocationConfig*, std::vector<LocationConfig> >, __gnu_cxx::__normal_iterator<const LocationConfig*, std::vector<LocationConfig> >, LocationConfig*, LocationConfig> (stl_uninitialized.h:637)
==1818360==    by 0x4336C6: _M_allocate_and_copy<__gnu_cxx::__normal_iterator<const LocationConfig*, std::vector<LocationConfig> > > (stl_vector.h:1912)
==1818360==    by 0x4336C6: operator= (vector.tcc:238)
==1818360==    by 0x4336C6: ServerConfig::operator=(ServerConfig const&) [clone .part.0] (ServerConfig.cpp:40)
==1818360==    by 0x435B1B: operator= (ServerConfig.cpp:47)
==1818360==    by 0x435B1B: ServerConfig::ServerConfig(ServerConfig const&) (ServerConfig.cpp:49)
==1818360==    by 0x40792A: _Construct<ServerConfig, ServerConfig> (stl_construct.h:142)
==1818360==    by 0x40792A: __do_uninit_copy<__gnu_cxx::__normal_iterator<const ServerConfig*, std::vector<ServerConfig> >, __gnu_cxx::__normal_iterator<const ServerConfig*, std::vector<ServerConfig> >, ServerConfig*> (stl_uninitialized.h:145)
==1818360==    by 0x40792A: __uninit_copy<__gnu_cxx::__normal_iterator<const ServerConfig*, std::vector<ServerConfig> >, ServerConfig*> (stl_uninitialized.h:170)
==1818360==    by 0x40792A: uninitialized_copy<__gnu_cxx::__normal_iterator<const ServerConfig*, std::vector<ServerConfig> >, ServerConfig*> (stl_uninitialized.h:315)
==1818360==    by 0x40792A: __uninitialized_copy_a<__gnu_cxx::__normal_iterator<const ServerConfig*, std::vector<ServerConfig> >, __gnu_cxx::__normal_iterator<const ServerConfig*, std::vector<ServerConfig> >, ServerConfig*, ServerConfig> (stl_uninitialized.h:637)
==1818360==    by 0x40792A: _M_allocate_and_copy<__gnu_cxx::__normal_iterator<const ServerConfig*, std::vector<ServerConfig> > > (stl_vector.h:1912)
==1818360==    by 0x40792A: operator= (vector.tcc:238)
==1818360==    by 0x40792A: main (main.cpp:28)
==1818360== 
==1818360== 64 bytes in 1 blocks are still reachable in loss record 15 of 31
==1818360==    at 0x48402AC: operator new(unsigned long) (vg_replace_malloc.c:488)
==1818360==    by 0x42FD72: allocate (new_allocator.h:151)
==1818360==    by 0x42FD72: allocate (alloc_traits.h:142)
==1818360==    by 0x42FD72: _M_get_node (stl_tree.h:1170)
==1818360==    by 0x42FD72: _M_create_node (stl_tree.h:1225)
==1818360==    by 0x42FD72: operator()<std::__cxx11::basic_string<char> > (stl_tree.h:1136)
==1818360==    by 0x42FD72: _M_clone_node<false, std::_Rb_tree<std::__cxx11::basic_string<char>, std::__cxx11::basic_string<char>, std::_Identity<std::__cxx11::basic_string<char> >, std::less<std::__cxx11::basic_string<char> >, std::allocator<std::__cxx11::basic_string<char> > >::_Alloc_node> (stl_tree.h:1287)
==1818360==    by 0x42FD72: std::_Rb_tree_node_base* std::_Rb_tree<std::__cxx11::basic_string<char, std::char_traits<char>, std::allocator<char> >, std::__cxx11::basic_string<char, std::char_traits<char>, std::allocator<char> >, std::_Identity<std::__cxx11::basic_string<char, std::char_traits<char>, std::allocator<char> > >, std::less<std::__cxx11::basic_string<char, std::char_traits<char>, std::allocator<char> > >, std::allocator<std::__cxx11::basic_string<char, std::char_traits<char>, std::allocator<char> > > >::_M_copy<false, std::_Rb_tree<std::__cxx11::basic_string<char, std::char_traits<char>, std::allocator<char> >, std::__cxx11::basic_string<char, std::char_traits<char>, std::allocator<char> >, std::_Identity<std::__cxx11::basic_string<char, std::char_traits<char>, std::allocator<char> > >, std::less<std::__cxx11::basic_string<char, std::char_traits<char>, std::allocator<char> > >, std::allocator<std::__cxx11::basic_string<char, std::char_traits<char>, std::allocator<char> > > >::_Alloc_node>(std::_Rb_tree_node<std::__cxx11::basic_string<char, std::char_traits<char>, std::allocator<char> > >*, std::_Rb_tree_node_base*, std::_Rb_tree<std::__cxx11::basic_string<char, std::char_traits<char>, std::allocator<char> >, std::__cxx11::basic_string<char, std::char_traits<char>, std::allocator<char> >, std::_Identity<std::__cxx11::basic_string<char, std::char_traits<char>, std::allocator<char> > >, std::less<std::__cxx11::basic_string<char, std::char_traits<char>, std::allocator<char> > >, std::allocator<std::__cxx11::basic_string<char, std::char_traits<char>, std::allocator<char> > > >::_Alloc_node&) [clone .isra.0] (stl_tree.h:2561)
==1818360==    by 0x4336C6: _M_copy<false, std::_Rb_tree<std::__cxx11::basic_string<char>, std::__cxx11::basic_string<char>, std::_Identity<std::__cxx11::basic_string<char> >, std::less<std::__cxx11::basic_string<char> >, std::allocator<std::__cxx11::basic_string<char> > >::_Alloc_node> (stl_tree.h:1523)
==1818360==    by 0x4336C6: _M_copy (stl_tree.h:1534)
==1818360==    by 0x4336C6: _Rb_tree (stl_tree.h:1564)
==1818360==    by 0x4336C6: set (stl_set.h:226)
==1818360==    by 0x4336C6: LocationConfig (LocationConfig.hpp:53)
==1818360==    by 0x4336C6: _Construct<LocationConfig, LocationConfig> (stl_construct.h:142)
==1818360==    by 0x4336C6: __do_uninit_copy<__gnu_cxx::__normal_iterator<const LocationConfig*, std::vector<LocationConfig> >, __gnu_cxx::__normal_iterator<const LocationConfig*, std::vector<LocationConfig> >, LocationConfig*> (stl_uninitialized.h:145)
==1818360==    by 0x4336C6: __uninit_copy<__gnu_cxx::__normal_iterator<const LocationConfig*, std::vector<LocationConfig> >, LocationConfig*> (stl_uninitialized.h:170)
==1818360==    by 0x4336C6: uninitialized_copy<__gnu_cxx::__normal_iterator<const LocationConfig*, std::vector<LocationConfig> >, LocationConfig*> (stl_uninitialized.h:315)
==1818360==    by 0x4336C6: __uninitialized_copy_a<__gnu_cxx::__normal_iterator<const LocationConfig*, std::vector<LocationConfig> >, __gnu_cxx::__normal_iterator<const LocationConfig*, std::vector<LocationConfig> >, LocationConfig*, LocationConfig> (stl_uninitialized.h:637)
==1818360==    by 0x4336C6: _M_allocate_and_copy<__gnu_cxx::__normal_iterator<const LocationConfig*, std::vector<LocationConfig> > > (stl_vector.h:1912)
==1818360==    by 0x4336C6: operator= (vector.tcc:238)
==1818360==    by 0x4336C6: ServerConfig::operator=(ServerConfig const&) [clone .part.0] (ServerConfig.cpp:40)
==1818360==    by 0x435B1B: operator= (ServerConfig.cpp:47)
==1818360==    by 0x435B1B: ServerConfig::ServerConfig(ServerConfig const&) (ServerConfig.cpp:49)
==1818360==    by 0x40792A: _Construct<ServerConfig, ServerConfig> (stl_construct.h:142)
==1818360==    by 0x40792A: __do_uninit_copy<__gnu_cxx::__normal_iterator<const ServerConfig*, std::vector<ServerConfig> >, __gnu_cxx::__normal_iterator<const ServerConfig*, std::vector<ServerConfig> >, ServerConfig*> (stl_uninitialized.h:145)
==1818360==    by 0x40792A: __uninit_copy<__gnu_cxx::__normal_iterator<const ServerConfig*, std::vector<ServerConfig> >, ServerConfig*> (stl_uninitialized.h:170)
==1818360==    by 0x40792A: uninitialized_copy<__gnu_cxx::__normal_iterator<const ServerConfig*, std::vector<ServerConfig> >, ServerConfig*> (stl_uninitialized.h:315)
==1818360==    by 0x40792A: __uninitialized_copy_a<__gnu_cxx::__normal_iterator<const ServerConfig*, std::vector<ServerConfig> >, __gnu_cxx::__normal_iterator<const ServerConfig*, std::vector<ServerConfig> >, ServerConfig*, ServerConfig> (stl_uninitialized.h:637)
==1818360==    by 0x40792A: _M_allocate_and_copy<__gnu_cxx::__normal_iterator<const ServerConfig*, std::vector<ServerConfig> > > (stl_vector.h:1912)
==1818360==    by 0x40792A: operator= (vector.tcc:238)
==1818360==    by 0x40792A: main (main.cpp:28)
==1818360== 
==1818360== 64 bytes in 1 blocks are still reachable in loss record 16 of 31
==1818360==    at 0x48402AC: operator new(unsigned long) (vg_replace_malloc.c:488)
==1818360==    by 0x40E8C6: allocate (new_allocator.h:151)
==1818360==    by 0x40E8C6: allocate (alloc_traits.h:142)
==1818360==    by 0x40E8C6: _M_get_node (stl_tree.h:1170)
==1818360==    by 0x40E8C6: _M_create_node (stl_tree.h:1225)
==1818360==    by 0x40E8C6: operator()<std::pair<int const, std::vector<ServerConfig> > > (stl_tree.h:1136)
==1818360==    by 0x40E8C6: _M_insert_<std::_Rb_tree<int, std::pair<int const, std::vector<ServerConfig> >, std::_Select1st<std::pair<int const, std::vector<ServerConfig> > >, std::less<int>, std::allocator<std::pair<int const, std::vector<ServerConfig> > > >::_Alloc_node> (stl_tree.h:2481)
==1818360==    by 0x40E8C6: std::_Rb_tree_iterator<std::pair<int const, std::vector<ServerConfig, std::allocator<ServerConfig> > > > std::_Rb_tree<int, std::pair<int const, std::vector<ServerConfig, std::allocator<ServerConfig> > >, std::_Select1st<std::pair<int const, std::vector<ServerConfig, std::allocator<ServerConfig> > > >, std::less<int>, std::allocator<std::pair<int const, std::vector<ServerConfig, std::allocator<ServerConfig> > > > >::_M_insert_unique_<std::_Rb_tree<int, std::pair<int const, std::vector<ServerConfig, std::allocator<ServerConfig> > >, std::_Select1st<std::pair<int const, std::vector<ServerConfig, std::allocator<ServerConfig> > > >, std::less<int>, std::allocator<std::pair<int const, std::vector<ServerConfig, std::allocator<ServerConfig> > > > >::_Alloc_node>(std::_Rb_tree_const_iterator<std::pair<int const, std::vector<ServerConfig, std::allocator<ServerConfig> > > >, std::pair<int const, std::vector<ServerConfig, std::allocator<ServerConfig> > > const&, std::_Rb_tree<int, std::pair<int const, std::vector<ServerConfig, std::allocator<ServerConfig> > >, std::_Select1st<std::pair<int const, std::vector<ServerConfig, std::allocator<ServerConfig> > > >, std::less<int>, std::allocator<std::pair<int const, std::vector<ServerConfig, std::allocator<ServerConfig> > > > >::_Alloc_node&) [clone .isra.0] (stl_tree.h:2905)
==1818360==    by 0x4116F6: _M_insert_unique_ (stl_tree.h:1770)
==1818360==    by 0x4116F6: insert (stl_map.h:954)
==1818360==    by 0x4116F6: operator[] (stl_map.h:540)
==1818360==    by 0x4116F6: EventLoop::EventLoop(std::vector<ServerConfig, std::allocator<ServerConfig> > const&) (EventLoop.cpp:40)
==1818360==    by 0x40788F: main (main.cpp:29)
==1818360== 
==1818360== 64 bytes in 1 blocks are still reachable in loss record 17 of 31
==1818360==    at 0x48402AC: operator new(unsigned long) (vg_replace_malloc.c:488)
==1818360==    by 0x42FCDB: allocate (new_allocator.h:151)
==1818360==    by 0x42FCDB: allocate (alloc_traits.h:142)
==1818360==    by 0x42FCDB: _M_get_node (stl_tree.h:1170)
==1818360==    by 0x42FCDB: _M_create_node (stl_tree.h:1225)
==1818360==    by 0x42FCDB: operator()<std::__cxx11::basic_string<char> > (stl_tree.h:1136)
==1818360==    by 0x42FCDB: _M_clone_node<false, std::_Rb_tree<std::__cxx11::basic_string<char>, std::__cxx11::basic_string<char>, std::_Identity<std::__cxx11::basic_string<char> >, std::less<std::__cxx11::basic_string<char> >, std::allocator<std::__cxx11::basic_string<char> > >::_Alloc_node> (stl_tree.h:1287)
==1818360==    by 0x42FCDB: std::_Rb_tree_node_base* std::_Rb_tree<std::__cxx11::basic_string<char, std::char_traits<char>, std::allocator<char> >, std::__cxx11::basic_string<char, std::char_traits<char>, std::allocator<char> >, std::_Identity<std::__cxx11::basic_string<char, std::char_traits<char>, std::allocator<char> > >, std::less<std::__cxx11::basic_string<char, std::char_traits<char>, std::allocator<char> > >, std::allocator<std::__cxx11::basic_string<char, std::char_traits<char>, std::allocator<char> > > >::_M_copy<false, std::_Rb_tree<std::__cxx11::basic_string<char, std::char_traits<char>, std::allocator<char> >, std::__cxx11::basic_string<char, std::char_traits<char>, std::allocator<char> >, std::_Identity<std::__cxx11::basic_string<char, std::char_traits<char>, std::allocator<char> > >, std::less<std::__cxx11::basic_string<char, std::char_traits<char>, std::allocator<char> > >, std::allocator<std::__cxx11::basic_string<char, std::char_traits<char>, std::allocator<char> > > >::_Alloc_node>(std::_Rb_tree_node<std::__cxx11::basic_string<char, std::char_traits<char>, std::allocator<char> > >*, std::_Rb_tree_node_base*, std::_Rb_tree<std::__cxx11::basic_string<char, std::char_traits<char>, std::allocator<char> >, std::__cxx11::basic_string<char, std::char_traits<char>, std::allocator<char> >, std::_Identity<std::__cxx11::basic_string<char, std::char_traits<char>, std::allocator<char> > >, std::less<std::__cxx11::basic_string<char, std::char_traits<char>, std::allocator<char> > >, std::allocator<std::__cxx11::basic_string<char, std::char_traits<char>, std::allocator<char> > > >::_Alloc_node&) [clone .isra.0] (stl_tree.h:2546)
==1818360==    by 0x42FD53: std::_Rb_tree_node_base* std::_Rb_tree<std::__cxx11::basic_string<char, std::char_traits<char>, std::allocator<char> >, std::__cxx11::basic_string<char, std::char_traits<char>, std::allocator<char> >, std::_Identity<std::__cxx11::basic_string<char, std::char_traits<char>, std::allocator<char> > >, std::less<std::__cxx11::basic_string<char, std::char_traits<char>, std::allocator<char> > >, std::allocator<std::__cxx11::basic_string<char, std::char_traits<char>, std::allocator<char> > > >::_M_copy<false, std::_Rb_tree<std::__cxx11::basic_string<char, std::char_traits<char>, std::allocator<char> >, std::__cxx11::basic_string<char, std::char_traits<char>, std::allocator<char> >, std::_Identity<std::__cxx11::basic_string<char, std::char_traits<char>, std::allocator<char> > >, std::less<std::__cxx11::basic_string<char, std::char_traits<char>, std::allocator<char> > >, std::allocator<std::__cxx11::basic_string<char, std::char_traits<char>, std::allocator<char> > > >::_Alloc_node>(std::_Rb_tree_node<std::__cxx11::basic_string<char, std::char_traits<char>, std::allocator<char> > >*, std::_Rb_tree_node_base*, std::_Rb_tree<std::__cxx11::basic_string<char, std::char_traits<char>, std::allocator<char> >, std::__cxx11::basic_string<char, std::char_traits<char>, std::allocator<char> >, std::_Identity<std::__cxx11::basic_string<char, std::char_traits<char>, std::allocator<char> > >, std::less<std::__cxx11::basic_string<char, std::char_traits<char>, std::allocator<char> > >, std::allocator<std::__cxx11::basic_string<char, std::char_traits<char>, std::allocator<char> > > >::_Alloc_node&) [clone .isra.0] (stl_tree.h:2554)
==1818360==    by 0x4336C6: _M_copy<false, std::_Rb_tree<std::__cxx11::basic_string<char>, std::__cxx11::basic_string<char>, std::_Identity<std::__cxx11::basic_string<char> >, std::less<std::__cxx11::basic_string<char> >, std::allocator<std::__cxx11::basic_string<char> > >::_Alloc_node> (stl_tree.h:1523)
==1818360==    by 0x4336C6: _M_copy (stl_tree.h:1534)
==1818360==    by 0x4336C6: _Rb_tree (stl_tree.h:1564)
==1818360==    by 0x4336C6: set (stl_set.h:226)
==1818360==    by 0x4336C6: LocationConfig (LocationConfig.hpp:53)
==1818360==    by 0x4336C6: _Construct<LocationConfig, LocationConfig> (stl_construct.h:142)
==1818360==    by 0x4336C6: __do_uninit_copy<__gnu_cxx::__normal_iterator<const LocationConfig*, std::vector<LocationConfig> >, __gnu_cxx::__normal_iterator<const LocationConfig*, std::vector<LocationConfig> >, LocationConfig*> (stl_uninitialized.h:145)
==1818360==    by 0x4336C6: __uninit_copy<__gnu_cxx::__normal_iterator<const LocationConfig*, std::vector<LocationConfig> >, LocationConfig*> (stl_uninitialized.h:170)
==1818360==    by 0x4336C6: uninitialized_copy<__gnu_cxx::__normal_iterator<const LocationConfig*, std::vector<LocationConfig> >, LocationConfig*> (stl_uninitialized.h:315)
==1818360==    by 0x4336C6: __uninitialized_copy_a<__gnu_cxx::__normal_iterator<const LocationConfig*, std::vector<LocationConfig> >, __gnu_cxx::__normal_iterator<const LocationConfig*, std::vector<LocationConfig> >, LocationConfig*, LocationConfig> (stl_uninitialized.h:637)
==1818360==    by 0x4336C6: _M_allocate_and_copy<__gnu_cxx::__normal_iterator<const LocationConfig*, std::vector<LocationConfig> > > (stl_vector.h:1912)
==1818360==    by 0x4336C6: operator= (vector.tcc:238)
==1818360==    by 0x4336C6: ServerConfig::operator=(ServerConfig const&) [clone .part.0] (ServerConfig.cpp:40)
==1818360==    by 0x435B1B: operator= (ServerConfig.cpp:47)
==1818360==    by 0x435B1B: ServerConfig::ServerConfig(ServerConfig const&) (ServerConfig.cpp:49)
==1818360==    by 0x411C55: construct (new_allocator.h:205)
==1818360==    by 0x411C55: construct<ServerConfig> (alloc_traits.h:157)
==1818360==    by 0x411C55: std::vector<ServerConfig, std::allocator<ServerConfig> >::_M_realloc_append(ServerConfig const&) (vector.tcc:590)
==1818360==    by 0x411846: push_back (stl_vector.h:1427)
==1818360==    by 0x411846: EventLoop::EventLoop(std::vector<ServerConfig, std::allocator<ServerConfig> > const&) (EventLoop.cpp:40)
==1818360==    by 0x40788F: main (main.cpp:29)
==1818360== 
==1818360== 64 bytes in 1 blocks are still reachable in loss record 18 of 31
==1818360==    at 0x48402AC: operator new(unsigned long) (vg_replace_malloc.c:488)
==1818360==    by 0x42FD72: allocate (new_allocator.h:151)
==1818360==    by 0x42FD72: allocate (alloc_traits.h:142)
==1818360==    by 0x42FD72: _M_get_node (stl_tree.h:1170)
==1818360==    by 0x42FD72: _M_create_node (stl_tree.h:1225)
==1818360==    by 0x42FD72: operator()<std::__cxx11::basic_string<char> > (stl_tree.h:1136)
==1818360==    by 0x42FD72: _M_clone_node<false, std::_Rb_tree<std::__cxx11::basic_string<char>, std::__cxx11::basic_string<char>, std::_Identity<std::__cxx11::basic_string<char> >, std::less<std::__cxx11::basic_string<char> >, std::allocator<std::__cxx11::basic_string<char> > >::_Alloc_node> (stl_tree.h:1287)
==1818360==    by 0x42FD72: std::_Rb_tree_node_base* std::_Rb_tree<std::__cxx11::basic_string<char, std::char_traits<char>, std::allocator<char> >, std::__cxx11::basic_string<char, std::char_traits<char>, std::allocator<char> >, std::_Identity<std::__cxx11::basic_string<char, std::char_traits<char>, std::allocator<char> > >, std::less<std::__cxx11::basic_string<char, std::char_traits<char>, std::allocator<char> > >, std::allocator<std::__cxx11::basic_string<char, std::char_traits<char>, std::allocator<char> > > >::_M_copy<false, std::_Rb_tree<std::__cxx11::basic_string<char, std::char_traits<char>, std::allocator<char> >, std::__cxx11::basic_string<char, std::char_traits<char>, std::allocator<char> >, std::_Identity<std::__cxx11::basic_string<char, std::char_traits<char>, std::allocator<char> > >, std::less<std::__cxx11::basic_string<char, std::char_traits<char>, std::allocator<char> > >, std::allocator<std::__cxx11::basic_string<char, std::char_traits<char>, std::allocator<char> > > >::_Alloc_node>(std::_Rb_tree_node<std::__cxx11::basic_string<char, std::char_traits<char>, std::allocator<char> > >*, std::_Rb_tree_node_base*, std::_Rb_tree<std::__cxx11::basic_string<char, std::char_traits<char>, std::allocator<char> >, std::__cxx11::basic_string<char, std::char_traits<char>, std::allocator<char> >, std::_Identity<std::__cxx11::basic_string<char, std::char_traits<char>, std::allocator<char> > >, std::less<std::__cxx11::basic_string<char, std::char_traits<char>, std::allocator<char> > >, std::allocator<std::__cxx11::basic_string<char, std::char_traits<char>, std::allocator<char> > > >::_Alloc_node&) [clone .isra.0] (stl_tree.h:2561)
==1818360==    by 0x4336C6: _M_copy<false, std::_Rb_tree<std::__cxx11::basic_string<char>, std::__cxx11::basic_string<char>, std::_Identity<std::__cxx11::basic_string<char> >, std::less<std::__cxx11::basic_string<char> >, std::allocator<std::__cxx11::basic_string<char> > >::_Alloc_node> (stl_tree.h:1523)
==1818360==    by 0x4336C6: _M_copy (stl_tree.h:1534)
==1818360==    by 0x4336C6: _Rb_tree (stl_tree.h:1564)
==1818360==    by 0x4336C6: set (stl_set.h:226)
==1818360==    by 0x4336C6: LocationConfig (LocationConfig.hpp:53)
==1818360==    by 0x4336C6: _Construct<LocationConfig, LocationConfig> (stl_construct.h:142)
==1818360==    by 0x4336C6: __do_uninit_copy<__gnu_cxx::__normal_iterator<const LocationConfig*, std::vector<LocationConfig> >, __gnu_cxx::__normal_iterator<const LocationConfig*, std::vector<LocationConfig> >, LocationConfig*> (stl_uninitialized.h:145)
==1818360==    by 0x4336C6: __uninit_copy<__gnu_cxx::__normal_iterator<const LocationConfig*, std::vector<LocationConfig> >, LocationConfig*> (stl_uninitialized.h:170)
==1818360==    by 0x4336C6: uninitialized_copy<__gnu_cxx::__normal_iterator<const LocationConfig*, std::vector<LocationConfig> >, LocationConfig*> (stl_uninitialized.h:315)
==1818360==    by 0x4336C6: __uninitialized_copy_a<__gnu_cxx::__normal_iterator<const LocationConfig*, std::vector<LocationConfig> >, __gnu_cxx::__normal_iterator<const LocationConfig*, std::vector<LocationConfig> >, LocationConfig*, LocationConfig> (stl_uninitialized.h:637)
==1818360==    by 0x4336C6: _M_allocate_and_copy<__gnu_cxx::__normal_iterator<const LocationConfig*, std::vector<LocationConfig> > > (stl_vector.h:1912)
==1818360==    by 0x4336C6: operator= (vector.tcc:238)
==1818360==    by 0x4336C6: ServerConfig::operator=(ServerConfig const&) [clone .part.0] (ServerConfig.cpp:40)
==1818360==    by 0x435B1B: operator= (ServerConfig.cpp:47)
==1818360==    by 0x435B1B: ServerConfig::ServerConfig(ServerConfig const&) (ServerConfig.cpp:49)
==1818360==    by 0x411C55: construct (new_allocator.h:205)
==1818360==    by 0x411C55: construct<ServerConfig> (alloc_traits.h:157)
==1818360==    by 0x411C55: std::vector<ServerConfig, std::allocator<ServerConfig> >::_M_realloc_append(ServerConfig const&) (vector.tcc:590)
==1818360==    by 0x411846: push_back (stl_vector.h:1427)
==1818360==    by 0x411846: EventLoop::EventLoop(std::vector<ServerConfig, std::allocator<ServerConfig> > const&) (EventLoop.cpp:40)
==1818360==    by 0x40788F: main (main.cpp:29)
==1818360== 
==1818360== 96 bytes in 1 blocks are still reachable in loss record 19 of 31
==1818360==    at 0x48402AC: operator new(unsigned long) (vg_replace_malloc.c:488)
==1818360==    by 0x42FF0D: allocate (new_allocator.h:151)
==1818360==    by 0x42FF0D: allocate (alloc_traits.h:142)
==1818360==    by 0x42FF0D: _M_get_node (stl_tree.h:1170)
==1818360==    by 0x42FF0D: _M_create_node (stl_tree.h:1225)
==1818360==    by 0x42FF0D: operator()<std::pair<const std::__cxx11::basic_string<char>, std::__cxx11::basic_string<char> > > (stl_tree.h:1136)
==1818360==    by 0x42FF0D: _M_clone_node<false, std::_Rb_tree<std::__cxx11::basic_string<char>, std::pair<const std::__cxx11::basic_string<char>, std::__cxx11::basic_string<char> >, std::_Select1st<std::pair<const std::__cxx11::basic_string<char>, std::__cxx11::basic_string<char> > >, std::less<std::__cxx11::basic_string<char> >, std::allocator<std::pair<const std::__cxx11::basic_string<char>, std::__cxx11::basic_string<char> > > >::_Alloc_node> (stl_tree.h:1287)
==1818360==    by 0x42FF0D: std::_Rb_tree_node_base* std::_Rb_tree<std::__cxx11::basic_string<char, std::char_traits<char>, std::allocator<char> >, std::pair<std::__cxx11::basic_string<char, std::char_traits<char>, std::allocator<char> > const, std::__cxx11::basic_string<char, std::char_traits<char>, std::allocator<char> > >, std::_Select1st<std::pair<std::__cxx11::basic_string<char, std::char_traits<char>, std::allocator<char> > const, std::__cxx11::basic_string<char, std::char_traits<char>, std::allocator<char> > > >, std::less<std::__cxx11::basic_string<char, std::char_traits<char>, std::allocator<char> > >, std::allocator<std::pair<std::__cxx11::basic_string<char, std::char_traits<char>, std::allocator<char> > const, std::__cxx11::basic_string<char, std::char_traits<char>, std::allocator<char> > > > >::_M_copy<false, std::_Rb_tree<std::__cxx11::basic_string<char, std::char_traits<char>, std::allocator<char> >, std::pair<std::__cxx11::basic_string<char, std::char_traits<char>, std::allocator<char> > const, std::__cxx11::basic_string<char, std::char_traits<char>, std::allocator<char> > >, std::_Select1st<std::pair<std::__cxx11::basic_string<char, std::char_traits<char>, std::allocator<char> > const, std::__cxx11::basic_string<char, std::char_traits<char>, std::allocator<char> > > >, std::less<std::__cxx11::basic_string<char, std::char_traits<char>, std::allocator<char> > >, std::allocator<std::pair<std::__cxx11::basic_string<char, std::char_traits<char>, std::allocator<char> > const, std::__cxx11::basic_string<char, std::char_traits<char>, std::allocator<char> > > > >::_Alloc_node>(std::_Rb_tree_node<std::pair<std::__cxx11::basic_string<char, std::char_traits<char>, std::allocator<char> > const, std::__cxx11::basic_string<char, std::char_traits<char>, std::allocator<char> > > >*, std::_Rb_tree_node_base*, std::_Rb_tree<std::__cxx11::basic_string<char, std::char_traits<char>, std::allocator<char> >, std::pair<std::__cxx11::basic_string<char, std::char_traits<char>, std::allocator<char> > const, std::__cxx11::basic_string<char, std::char_traits<char>, std::allocator<char> > >, std::_Select1st<std::pair<std::__cxx11::basic_string<char, std::char_traits<char>, std::allocator<char> > const, std::__cxx11::basic_string<char, std::char_traits<char>, std::allocator<char> > > >, std::less<std::__cxx11::basic_string<char, std::char_traits<char>, std::allocator<char> > >, std::allocator<std::pair<std::__cxx11::basic_string<char, std::char_traits<char>, std::allocator<char> > const, std::__cxx11::basic_string<char, std::char_traits<char>, std::allocator<char> > > > >::_Alloc_node&) [clone .isra.0] (stl_tree.h:2546)
==1818360==    by 0x43374E: _M_copy<false, std::_Rb_tree<std::__cxx11::basic_string<char>, std::pair<const std::__cxx11::basic_string<char>, std::__cxx11::basic_string<char> >, std::_Select1st<std::pair<const std::__cxx11::basic_string<char>, std::__cxx11::basic_string<char> > >, std::less<std::__cxx11::basic_string<char> >, std::allocator<std::pair<const std::__cxx11::basic_string<char>, std::__cxx11::basic_string<char> > > >::_Alloc_node> (stl_tree.h:1523)
==1818360==    by 0x43374E: _M_copy (stl_tree.h:1534)
==1818360==    by 0x43374E: _Rb_tree (stl_tree.h:1564)
==1818360==    by 0x43374E: map (stl_map.h:220)
==1818360==    by 0x43374E: LocationConfig (LocationConfig.hpp:53)
==1818360==    by 0x43374E: _Construct<LocationConfig, LocationConfig> (stl_construct.h:142)
==1818360==    by 0x43374E: __do_uninit_copy<__gnu_cxx::__normal_iterator<const LocationConfig*, std::vector<LocationConfig> >, __gnu_cxx::__normal_iterator<const LocationConfig*, std::vector<LocationConfig> >, LocationConfig*> (stl_uninitialized.h:145)
==1818360==    by 0x43374E: __uninit_copy<__gnu_cxx::__normal_iterator<const LocationConfig*, std::vector<LocationConfig> >, LocationConfig*> (stl_uninitialized.h:170)
==1818360==    by 0x43374E: uninitialized_copy<__gnu_cxx::__normal_iterator<const LocationConfig*, std::vector<LocationConfig> >, LocationConfig*> (stl_uninitialized.h:315)
==1818360==    by 0x43374E: __uninitialized_copy_a<__gnu_cxx::__normal_iterator<const LocationConfig*, std::vector<LocationConfig> >, __gnu_cxx::__normal_iterator<const LocationConfig*, std::vector<LocationConfig> >, LocationConfig*, LocationConfig> (stl_uninitialized.h:637)
==1818360==    by 0x43374E: _M_allocate_and_copy<__gnu_cxx::__normal_iterator<const LocationConfig*, std::vector<LocationConfig> > > (stl_vector.h:1912)
==1818360==    by 0x43374E: operator= (vector.tcc:238)
==1818360==    by 0x43374E: ServerConfig::operator=(ServerConfig const&) [clone .part.0] (ServerConfig.cpp:40)
==1818360==    by 0x435B1B: operator= (ServerConfig.cpp:47)
==1818360==    by 0x435B1B: ServerConfig::ServerConfig(ServerConfig const&) (ServerConfig.cpp:49)
==1818360==    by 0x40792A: _Construct<ServerConfig, ServerConfig> (stl_construct.h:142)
==1818360==    by 0x40792A: __do_uninit_copy<__gnu_cxx::__normal_iterator<const ServerConfig*, std::vector<ServerConfig> >, __gnu_cxx::__normal_iterator<const ServerConfig*, std::vector<ServerConfig> >, ServerConfig*> (stl_uninitialized.h:145)
==1818360==    by 0x40792A: __uninit_copy<__gnu_cxx::__normal_iterator<const ServerConfig*, std::vector<ServerConfig> >, ServerConfig*> (stl_uninitialized.h:170)
==1818360==    by 0x40792A: uninitialized_copy<__gnu_cxx::__normal_iterator<const ServerConfig*, std::vector<ServerConfig> >, ServerConfig*> (stl_uninitialized.h:315)
==1818360==    by 0x40792A: __uninitialized_copy_a<__gnu_cxx::__normal_iterator<const ServerConfig*, std::vector<ServerConfig> >, __gnu_cxx::__normal_iterator<const ServerConfig*, std::vector<ServerConfig> >, ServerConfig*, ServerConfig> (stl_uninitialized.h:637)
==1818360==    by 0x40792A: _M_allocate_and_copy<__gnu_cxx::__normal_iterator<const ServerConfig*, std::vector<ServerConfig> > > (stl_vector.h:1912)
==1818360==    by 0x40792A: operator= (vector.tcc:238)
==1818360==    by 0x40792A: main (main.cpp:28)
==1818360== 
==1818360== 96 bytes in 1 blocks are still reachable in loss record 20 of 31
==1818360==    at 0x48402AC: operator new(unsigned long) (vg_replace_malloc.c:488)
==1818360==    by 0x42FF0D: allocate (new_allocator.h:151)
==1818360==    by 0x42FF0D: allocate (alloc_traits.h:142)
==1818360==    by 0x42FF0D: _M_get_node (stl_tree.h:1170)
==1818360==    by 0x42FF0D: _M_create_node (stl_tree.h:1225)
==1818360==    by 0x42FF0D: operator()<std::pair<const std::__cxx11::basic_string<char>, std::__cxx11::basic_string<char> > > (stl_tree.h:1136)
==1818360==    by 0x42FF0D: _M_clone_node<false, std::_Rb_tree<std::__cxx11::basic_string<char>, std::pair<const std::__cxx11::basic_string<char>, std::__cxx11::basic_string<char> >, std::_Select1st<std::pair<const std::__cxx11::basic_string<char>, std::__cxx11::basic_string<char> > >, std::less<std::__cxx11::basic_string<char> >, std::allocator<std::pair<const std::__cxx11::basic_string<char>, std::__cxx11::basic_string<char> > > >::_Alloc_node> (stl_tree.h:1287)
==1818360==    by 0x42FF0D: std::_Rb_tree_node_base* std::_Rb_tree<std::__cxx11::basic_string<char, std::char_traits<char>, std::allocator<char> >, std::pair<std::__cxx11::basic_string<char, std::char_traits<char>, std::allocator<char> > const, std::__cxx11::basic_string<char, std::char_traits<char>, std::allocator<char> > >, std::_Select1st<std::pair<std::__cxx11::basic_string<char, std::char_traits<char>, std::allocator<char> > const, std::__cxx11::basic_string<char, std::char_traits<char>, std::allocator<char> > > >, std::less<std::__cxx11::basic_string<char, std::char_traits<char>, std::allocator<char> > >, std::allocator<std::pair<std::__cxx11::basic_string<char, std::char_traits<char>, std::allocator<char> > const, std::__cxx11::basic_string<char, std::char_traits<char>, std::allocator<char> > > > >::_M_copy<false, std::_Rb_tree<std::__cxx11::basic_string<char, std::char_traits<char>, std::allocator<char> >, std::pair<std::__cxx11::basic_string<char, std::char_traits<char>, std::allocator<char> > const, std::__cxx11::basic_string<char, std::char_traits<char>, std::allocator<char> > >, std::_Select1st<std::pair<std::__cxx11::basic_string<char, std::char_traits<char>, std::allocator<char> > const, std::__cxx11::basic_string<char, std::char_traits<char>, std::allocator<char> > > >, std::less<std::__cxx11::basic_string<char, std::char_traits<char>, std::allocator<char> > >, std::allocator<std::pair<std::__cxx11::basic_string<char, std::char_traits<char>, std::allocator<char> > const, std::__cxx11::basic_string<char, std::char_traits<char>, std::allocator<char> > > > >::_Alloc_node>(std::_Rb_tree_node<std::pair<std::__cxx11::basic_string<char, std::char_traits<char>, std::allocator<char> > const, std::__cxx11::basic_string<char, std::char_traits<char>, std::allocator<char> > > >*, std::_Rb_tree_node_base*, std::_Rb_tree<std::__cxx11::basic_string<char, std::char_traits<char>, std::allocator<char> >, std::pair<std::__cxx11::basic_string<char, std::char_traits<char>, std::allocator<char> > const, std::__cxx11::basic_string<char, std::char_traits<char>, std::allocator<char> > >, std::_Select1st<std::pair<std::__cxx11::basic_string<char, std::char_traits<char>, std::allocator<char> > const, std::__cxx11::basic_string<char, std::char_traits<char>, std::allocator<char> > > >, std::less<std::__cxx11::basic_string<char, std::char_traits<char>, std::allocator<char> > >, std::allocator<std::pair<std::__cxx11::basic_string<char, std::char_traits<char>, std::allocator<char> > const, std::__cxx11::basic_string<char, std::char_traits<char>, std::allocator<char> > > > >::_Alloc_node&) [clone .isra.0] (stl_tree.h:2546)
==1818360==    by 0x43374E: _M_copy<false, std::_Rb_tree<std::__cxx11::basic_string<char>, std::pair<const std::__cxx11::basic_string<char>, std::__cxx11::basic_string<char> >, std::_Select1st<std::pair<const std::__cxx11::basic_string<char>, std::__cxx11::basic_string<char> > >, std::less<std::__cxx11::basic_string<char> >, std::allocator<std::pair<const std::__cxx11::basic_string<char>, std::__cxx11::basic_string<char> > > >::_Alloc_node> (stl_tree.h:1523)
==1818360==    by 0x43374E: _M_copy (stl_tree.h:1534)
==1818360==    by 0x43374E: _Rb_tree (stl_tree.h:1564)
==1818360==    by 0x43374E: map (stl_map.h:220)
==1818360==    by 0x43374E: LocationConfig (LocationConfig.hpp:53)
==1818360==    by 0x43374E: _Construct<LocationConfig, LocationConfig> (stl_construct.h:142)
==1818360==    by 0x43374E: __do_uninit_copy<__gnu_cxx::__normal_iterator<const LocationConfig*, std::vector<LocationConfig> >, __gnu_cxx::__normal_iterator<const LocationConfig*, std::vector<LocationConfig> >, LocationConfig*> (stl_uninitialized.h:145)
==1818360==    by 0x43374E: __uninit_copy<__gnu_cxx::__normal_iterator<const LocationConfig*, std::vector<LocationConfig> >, LocationConfig*> (stl_uninitialized.h:170)
==1818360==    by 0x43374E: uninitialized_copy<__gnu_cxx::__normal_iterator<const LocationConfig*, std::vector<LocationConfig> >, LocationConfig*> (stl_uninitialized.h:315)
==1818360==    by 0x43374E: __uninitialized_copy_a<__gnu_cxx::__normal_iterator<const LocationConfig*, std::vector<LocationConfig> >, __gnu_cxx::__normal_iterator<const LocationConfig*, std::vector<LocationConfig> >, LocationConfig*, LocationConfig> (stl_uninitialized.h:637)
==1818360==    by 0x43374E: _M_allocate_and_copy<__gnu_cxx::__normal_iterator<const LocationConfig*, std::vector<LocationConfig> > > (stl_vector.h:1912)
==1818360==    by 0x43374E: operator= (vector.tcc:238)
==1818360==    by 0x43374E: ServerConfig::operator=(ServerConfig const&) [clone .part.0] (ServerConfig.cpp:40)
==1818360==    by 0x435B1B: operator= (ServerConfig.cpp:47)
==1818360==    by 0x435B1B: ServerConfig::ServerConfig(ServerConfig const&) (ServerConfig.cpp:49)
==1818360==    by 0x411C55: construct (new_allocator.h:205)
==1818360==    by 0x411C55: construct<ServerConfig> (alloc_traits.h:157)
==1818360==    by 0x411C55: std::vector<ServerConfig, std::allocator<ServerConfig> >::_M_realloc_append(ServerConfig const&) (vector.tcc:590)
==1818360==    by 0x411846: push_back (stl_vector.h:1427)
==1818360==    by 0x411846: EventLoop::EventLoop(std::vector<ServerConfig, std::allocator<ServerConfig> > const&) (EventLoop.cpp:40)
==1818360==    by 0x40788F: main (main.cpp:29)
==1818360== 
==1818360== 96 bytes in 3 blocks are still reachable in loss record 21 of 31
==1818360==    at 0x48402AC: operator new(unsigned long) (vg_replace_malloc.c:488)
==1818360==    by 0x4339CC: allocate (new_allocator.h:151)
==1818360==    by 0x4339CC: allocate (alloc_traits.h:142)
==1818360==    by 0x4339CC: _M_allocate (stl_vector.h:387)
==1818360==    by 0x4339CC: _M_create_storage (stl_vector.h:405)
==1818360==    by 0x4339CC: _Vector_base (stl_vector.h:341)
==1818360==    by 0x4339CC: vector (stl_vector.h:633)
==1818360==    by 0x4339CC: LocationConfig (LocationConfig.hpp:53)
==1818360==    by 0x4339CC: _Construct<LocationConfig, LocationConfig> (stl_construct.h:142)
==1818360==    by 0x4339CC: __do_uninit_copy<__gnu_cxx::__normal_iterator<const LocationConfig*, std::vector<LocationConfig> >, __gnu_cxx::__normal_iterator<const LocationConfig*, std::vector<LocationConfig> >, LocationConfig*> (stl_uninitialized.h:145)
==1818360==    by 0x4339CC: __uninit_copy<__gnu_cxx::__normal_iterator<const LocationConfig*, std::vector<LocationConfig> >, LocationConfig*> (stl_uninitialized.h:170)
==1818360==    by 0x4339CC: uninitialized_copy<__gnu_cxx::__normal_iterator<const LocationConfig*, std::vector<LocationConfig> >, LocationConfig*> (stl_uninitialized.h:315)
==1818360==    by 0x4339CC: __uninitialized_copy_a<__gnu_cxx::__normal_iterator<const LocationConfig*, std::vector<LocationConfig> >, __gnu_cxx::__normal_iterator<const LocationConfig*, std::vector<LocationConfig> >, LocationConfig*, LocationConfig> (stl_uninitialized.h:637)
==1818360==    by 0x4339CC: _M_allocate_and_copy<__gnu_cxx::__normal_iterator<const LocationConfig*, std::vector<LocationConfig> > > (stl_vector.h:1912)
==1818360==    by 0x4339CC: operator= (vector.tcc:238)
==1818360==    by 0x4339CC: ServerConfig::operator=(ServerConfig const&) [clone .part.0] (ServerConfig.cpp:40)
==1818360==    by 0x435B1B: operator= (ServerConfig.cpp:47)
==1818360==    by 0x435B1B: ServerConfig::ServerConfig(ServerConfig const&) (ServerConfig.cpp:49)
==1818360==    by 0x40792A: _Construct<ServerConfig, ServerConfig> (stl_construct.h:142)
==1818360==    by 0x40792A: __do_uninit_copy<__gnu_cxx::__normal_iterator<const ServerConfig*, std::vector<ServerConfig> >, __gnu_cxx::__normal_iterator<const ServerConfig*, std::vector<ServerConfig> >, ServerConfig*> (stl_uninitialized.h:145)
==1818360==    by 0x40792A: __uninit_copy<__gnu_cxx::__normal_iterator<const ServerConfig*, std::vector<ServerConfig> >, ServerConfig*> (stl_uninitialized.h:170)
==1818360==    by 0x40792A: uninitialized_copy<__gnu_cxx::__normal_iterator<const ServerConfig*, std::vector<ServerConfig> >, ServerConfig*> (stl_uninitialized.h:315)
==1818360==    by 0x40792A: __uninitialized_copy_a<__gnu_cxx::__normal_iterator<const ServerConfig*, std::vector<ServerConfig> >, __gnu_cxx::__normal_iterator<const ServerConfig*, std::vector<ServerConfig> >, ServerConfig*, ServerConfig> (stl_uninitialized.h:637)
==1818360==    by 0x40792A: _M_allocate_and_copy<__gnu_cxx::__normal_iterator<const ServerConfig*, std::vector<ServerConfig> > > (stl_vector.h:1912)
==1818360==    by 0x40792A: operator= (vector.tcc:238)
==1818360==    by 0x40792A: main (main.cpp:28)
==1818360== 
==1818360== 96 bytes in 3 blocks are still reachable in loss record 22 of 31
==1818360==    at 0x48402AC: operator new(unsigned long) (vg_replace_malloc.c:488)
==1818360==    by 0x4339CC: allocate (new_allocator.h:151)
==1818360==    by 0x4339CC: allocate (alloc_traits.h:142)
==1818360==    by 0x4339CC: _M_allocate (stl_vector.h:387)
==1818360==    by 0x4339CC: _M_create_storage (stl_vector.h:405)
==1818360==    by 0x4339CC: _Vector_base (stl_vector.h:341)
==1818360==    by 0x4339CC: vector (stl_vector.h:633)
==1818360==    by 0x4339CC: LocationConfig (LocationConfig.hpp:53)
==1818360==    by 0x4339CC: _Construct<LocationConfig, LocationConfig> (stl_construct.h:142)
==1818360==    by 0x4339CC: __do_uninit_copy<__gnu_cxx::__normal_iterator<const LocationConfig*, std::vector<LocationConfig> >, __gnu_cxx::__normal_iterator<const LocationConfig*, std::vector<LocationConfig> >, LocationConfig*> (stl_uninitialized.h:145)
==1818360==    by 0x4339CC: __uninit_copy<__gnu_cxx::__normal_iterator<const LocationConfig*, std::vector<LocationConfig> >, LocationConfig*> (stl_uninitialized.h:170)
==1818360==    by 0x4339CC: uninitialized_copy<__gnu_cxx::__normal_iterator<const LocationConfig*, std::vector<LocationConfig> >, LocationConfig*> (stl_uninitialized.h:315)
==1818360==    by 0x4339CC: __uninitialized_copy_a<__gnu_cxx::__normal_iterator<const LocationConfig*, std::vector<LocationConfig> >, __gnu_cxx::__normal_iterator<const LocationConfig*, std::vector<LocationConfig> >, LocationConfig*, LocationConfig> (stl_uninitialized.h:637)
==1818360==    by 0x4339CC: _M_allocate_and_copy<__gnu_cxx::__normal_iterator<const LocationConfig*, std::vector<LocationConfig> > > (stl_vector.h:1912)
==1818360==    by 0x4339CC: operator= (vector.tcc:238)
==1818360==    by 0x4339CC: ServerConfig::operator=(ServerConfig const&) [clone .part.0] (ServerConfig.cpp:40)
==1818360==    by 0x435B1B: operator= (ServerConfig.cpp:47)
==1818360==    by 0x435B1B: ServerConfig::ServerConfig(ServerConfig const&) (ServerConfig.cpp:49)
==1818360==    by 0x411C55: construct (new_allocator.h:205)
==1818360==    by 0x411C55: construct<ServerConfig> (alloc_traits.h:157)
==1818360==    by 0x411C55: std::vector<ServerConfig, std::allocator<ServerConfig> >::_M_realloc_append(ServerConfig const&) (vector.tcc:590)
==1818360==    by 0x411846: push_back (stl_vector.h:1427)
==1818360==    by 0x411846: EventLoop::EventLoop(std::vector<ServerConfig, std::allocator<ServerConfig> > const&) (EventLoop.cpp:40)
==1818360==    by 0x40788F: main (main.cpp:29)
==1818360== 
==1818360== 192 bytes in 3 blocks are still reachable in loss record 23 of 31
==1818360==    at 0x48402AC: operator new(unsigned long) (vg_replace_malloc.c:488)
==1818360==    by 0x42FCDB: allocate (new_allocator.h:151)
==1818360==    by 0x42FCDB: allocate (alloc_traits.h:142)
==1818360==    by 0x42FCDB: _M_get_node (stl_tree.h:1170)
==1818360==    by 0x42FCDB: _M_create_node (stl_tree.h:1225)
==1818360==    by 0x42FCDB: operator()<std::__cxx11::basic_string<char> > (stl_tree.h:1136)
==1818360==    by 0x42FCDB: _M_clone_node<false, std::_Rb_tree<std::__cxx11::basic_string<char>, std::__cxx11::basic_string<char>, std::_Identity<std::__cxx11::basic_string<char> >, std::less<std::__cxx11::basic_string<char> >, std::allocator<std::__cxx11::basic_string<char> > >::_Alloc_node> (stl_tree.h:1287)
==1818360==    by 0x42FCDB: std::_Rb_tree_node_base* std::_Rb_tree<std::__cxx11::basic_string<char, std::char_traits<char>, std::allocator<char> >, std::__cxx11::basic_string<char, std::char_traits<char>, std::allocator<char> >, std::_Identity<std::__cxx11::basic_string<char, std::char_traits<char>, std::allocator<char> > >, std::less<std::__cxx11::basic_string<char, std::char_traits<char>, std::allocator<char> > >, std::allocator<std::__cxx11::basic_string<char, std::char_traits<char>, std::allocator<char> > > >::_M_copy<false, std::_Rb_tree<std::__cxx11::basic_string<char, std::char_traits<char>, std::allocator<char> >, std::__cxx11::basic_string<char, std::char_traits<char>, std::allocator<char> >, std::_Identity<std::__cxx11::basic_string<char, std::char_traits<char>, std::allocator<char> > >, std::less<std::__cxx11::basic_string<char, std::char_traits<char>, std::allocator<char> > >, std::allocator<std::__cxx11::basic_string<char, std::char_traits<char>, std::allocator<char> > > >::_Alloc_node>(std::_Rb_tree_node<std::__cxx11::basic_string<char, std::char_traits<char>, std::allocator<char> > >*, std::_Rb_tree_node_base*, std::_Rb_tree<std::__cxx11::basic_string<char, std::char_traits<char>, std::allocator<char> >, std::__cxx11::basic_string<char, std::char_traits<char>, std::allocator<char> >, std::_Identity<std::__cxx11::basic_string<char, std::char_traits<char>, std::allocator<char> > >, std::less<std::__cxx11::basic_string<char, std::char_traits<char>, std::allocator<char> > >, std::allocator<std::__cxx11::basic_string<char, std::char_traits<char>, std::allocator<char> > > >::_Alloc_node&) [clone .isra.0] (stl_tree.h:2546)
==1818360==    by 0x4336C6: _M_copy<false, std::_Rb_tree<std::__cxx11::basic_string<char>, std::__cxx11::basic_string<char>, std::_Identity<std::__cxx11::basic_string<char> >, std::less<std::__cxx11::basic_string<char> >, std::allocator<std::__cxx11::basic_string<char> > >::_Alloc_node> (stl_tree.h:1523)
==1818360==    by 0x4336C6: _M_copy (stl_tree.h:1534)
==1818360==    by 0x4336C6: _Rb_tree (stl_tree.h:1564)
==1818360==    by 0x4336C6: set (stl_set.h:226)
==1818360==    by 0x4336C6: LocationConfig (LocationConfig.hpp:53)
==1818360==    by 0x4336C6: _Construct<LocationConfig, LocationConfig> (stl_construct.h:142)
==1818360==    by 0x4336C6: __do_uninit_copy<__gnu_cxx::__normal_iterator<const LocationConfig*, std::vector<LocationConfig> >, __gnu_cxx::__normal_iterator<const LocationConfig*, std::vector<LocationConfig> >, LocationConfig*> (stl_uninitialized.h:145)
==1818360==    by 0x4336C6: __uninit_copy<__gnu_cxx::__normal_iterator<const LocationConfig*, std::vector<LocationConfig> >, LocationConfig*> (stl_uninitialized.h:170)
==1818360==    by 0x4336C6: uninitialized_copy<__gnu_cxx::__normal_iterator<const LocationConfig*, std::vector<LocationConfig> >, LocationConfig*> (stl_uninitialized.h:315)
==1818360==    by 0x4336C6: __uninitialized_copy_a<__gnu_cxx::__normal_iterator<const LocationConfig*, std::vector<LocationConfig> >, __gnu_cxx::__normal_iterator<const LocationConfig*, std::vector<LocationConfig> >, LocationConfig*, LocationConfig> (stl_uninitialized.h:637)
==1818360==    by 0x4336C6: _M_allocate_and_copy<__gnu_cxx::__normal_iterator<const LocationConfig*, std::vector<LocationConfig> > > (stl_vector.h:1912)
==1818360==    by 0x4336C6: operator= (vector.tcc:238)
==1818360==    by 0x4336C6: ServerConfig::operator=(ServerConfig const&) [clone .part.0] (ServerConfig.cpp:40)
==1818360==    by 0x435B1B: operator= (ServerConfig.cpp:47)
==1818360==    by 0x435B1B: ServerConfig::ServerConfig(ServerConfig const&) (ServerConfig.cpp:49)
==1818360==    by 0x40792A: _Construct<ServerConfig, ServerConfig> (stl_construct.h:142)
==1818360==    by 0x40792A: __do_uninit_copy<__gnu_cxx::__normal_iterator<const ServerConfig*, std::vector<ServerConfig> >, __gnu_cxx::__normal_iterator<const ServerConfig*, std::vector<ServerConfig> >, ServerConfig*> (stl_uninitialized.h:145)
==1818360==    by 0x40792A: __uninit_copy<__gnu_cxx::__normal_iterator<const ServerConfig*, std::vector<ServerConfig> >, ServerConfig*> (stl_uninitialized.h:170)
==1818360==    by 0x40792A: uninitialized_copy<__gnu_cxx::__normal_iterator<const ServerConfig*, std::vector<ServerConfig> >, ServerConfig*> (stl_uninitialized.h:315)
==1818360==    by 0x40792A: __uninitialized_copy_a<__gnu_cxx::__normal_iterator<const ServerConfig*, std::vector<ServerConfig> >, __gnu_cxx::__normal_iterator<const ServerConfig*, std::vector<ServerConfig> >, ServerConfig*, ServerConfig> (stl_uninitialized.h:637)
==1818360==    by 0x40792A: _M_allocate_and_copy<__gnu_cxx::__normal_iterator<const ServerConfig*, std::vector<ServerConfig> > > (stl_vector.h:1912)
==1818360==    by 0x40792A: operator= (vector.tcc:238)
==1818360==    by 0x40792A: main (main.cpp:28)
==1818360== 
==1818360== 192 bytes in 3 blocks are still reachable in loss record 24 of 31
==1818360==    at 0x48402AC: operator new(unsigned long) (vg_replace_malloc.c:488)
==1818360==    by 0x42FCDB: allocate (new_allocator.h:151)
==1818360==    by 0x42FCDB: allocate (alloc_traits.h:142)
==1818360==    by 0x42FCDB: _M_get_node (stl_tree.h:1170)
==1818360==    by 0x42FCDB: _M_create_node (stl_tree.h:1225)
==1818360==    by 0x42FCDB: operator()<std::__cxx11::basic_string<char> > (stl_tree.h:1136)
==1818360==    by 0x42FCDB: _M_clone_node<false, std::_Rb_tree<std::__cxx11::basic_string<char>, std::__cxx11::basic_string<char>, std::_Identity<std::__cxx11::basic_string<char> >, std::less<std::__cxx11::basic_string<char> >, std::allocator<std::__cxx11::basic_string<char> > >::_Alloc_node> (stl_tree.h:1287)
==1818360==    by 0x42FCDB: std::_Rb_tree_node_base* std::_Rb_tree<std::__cxx11::basic_string<char, std::char_traits<char>, std::allocator<char> >, std::__cxx11::basic_string<char, std::char_traits<char>, std::allocator<char> >, std::_Identity<std::__cxx11::basic_string<char, std::char_traits<char>, std::allocator<char> > >, std::less<std::__cxx11::basic_string<char, std::char_traits<char>, std::allocator<char> > >, std::allocator<std::__cxx11::basic_string<char, std::char_traits<char>, std::allocator<char> > > >::_M_copy<false, std::_Rb_tree<std::__cxx11::basic_string<char, std::char_traits<char>, std::allocator<char> >, std::__cxx11::basic_string<char, std::char_traits<char>, std::allocator<char> >, std::_Identity<std::__cxx11::basic_string<char, std::char_traits<char>, std::allocator<char> > >, std::less<std::__cxx11::basic_string<char, std::char_traits<char>, std::allocator<char> > >, std::allocator<std::__cxx11::basic_string<char, std::char_traits<char>, std::allocator<char> > > >::_Alloc_node>(std::_Rb_tree_node<std::__cxx11::basic_string<char, std::char_traits<char>, std::allocator<char> > >*, std::_Rb_tree_node_base*, std::_Rb_tree<std::__cxx11::basic_string<char, std::char_traits<char>, std::allocator<char> >, std::__cxx11::basic_string<char, std::char_traits<char>, std::allocator<char> >, std::_Identity<std::__cxx11::basic_string<char, std::char_traits<char>, std::allocator<char> > >, std::less<std::__cxx11::basic_string<char, std::char_traits<char>, std::allocator<char> > >, std::allocator<std::__cxx11::basic_string<char, std::char_traits<char>, std::allocator<char> > > >::_Alloc_node&) [clone .isra.0] (stl_tree.h:2546)
==1818360==    by 0x4336C6: _M_copy<false, std::_Rb_tree<std::__cxx11::basic_string<char>, std::__cxx11::basic_string<char>, std::_Identity<std::__cxx11::basic_string<char> >, std::less<std::__cxx11::basic_string<char> >, std::allocator<std::__cxx11::basic_string<char> > >::_Alloc_node> (stl_tree.h:1523)
==1818360==    by 0x4336C6: _M_copy (stl_tree.h:1534)
==1818360==    by 0x4336C6: _Rb_tree (stl_tree.h:1564)
==1818360==    by 0x4336C6: set (stl_set.h:226)
==1818360==    by 0x4336C6: LocationConfig (LocationConfig.hpp:53)
==1818360==    by 0x4336C6: _Construct<LocationConfig, LocationConfig> (stl_construct.h:142)
==1818360==    by 0x4336C6: __do_uninit_copy<__gnu_cxx::__normal_iterator<const LocationConfig*, std::vector<LocationConfig> >, __gnu_cxx::__normal_iterator<const LocationConfig*, std::vector<LocationConfig> >, LocationConfig*> (stl_uninitialized.h:145)
==1818360==    by 0x4336C6: __uninit_copy<__gnu_cxx::__normal_iterator<const LocationConfig*, std::vector<LocationConfig> >, LocationConfig*> (stl_uninitialized.h:170)
==1818360==    by 0x4336C6: uninitialized_copy<__gnu_cxx::__normal_iterator<const LocationConfig*, std::vector<LocationConfig> >, LocationConfig*> (stl_uninitialized.h:315)
==1818360==    by 0x4336C6: __uninitialized_copy_a<__gnu_cxx::__normal_iterator<const LocationConfig*, std::vector<LocationConfig> >, __gnu_cxx::__normal_iterator<const LocationConfig*, std::vector<LocationConfig> >, LocationConfig*, LocationConfig> (stl_uninitialized.h:637)
==1818360==    by 0x4336C6: _M_allocate_and_copy<__gnu_cxx::__normal_iterator<const LocationConfig*, std::vector<LocationConfig> > > (stl_vector.h:1912)
==1818360==    by 0x4336C6: operator= (vector.tcc:238)
==1818360==    by 0x4336C6: ServerConfig::operator=(ServerConfig const&) [clone .part.0] (ServerConfig.cpp:40)
==1818360==    by 0x435B1B: operator= (ServerConfig.cpp:47)
==1818360==    by 0x435B1B: ServerConfig::ServerConfig(ServerConfig const&) (ServerConfig.cpp:49)
==1818360==    by 0x411C55: construct (new_allocator.h:205)
==1818360==    by 0x411C55: construct<ServerConfig> (alloc_traits.h:157)
==1818360==    by 0x411C55: std::vector<ServerConfig, std::allocator<ServerConfig> >::_M_realloc_append(ServerConfig const&) (vector.tcc:590)
==1818360==    by 0x411846: push_back (stl_vector.h:1427)
==1818360==    by 0x411846: EventLoop::EventLoop(std::vector<ServerConfig, std::allocator<ServerConfig> > const&) (EventLoop.cpp:40)
==1818360==    by 0x40788F: main (main.cpp:29)
==1818360== 
==1818360== 240 bytes in 1 blocks are still reachable in loss record 25 of 31
==1818360==    at 0x48402AC: operator new(unsigned long) (vg_replace_malloc.c:488)
==1818360==    by 0x407910: allocate (new_allocator.h:151)
==1818360==    by 0x407910: allocate (alloc_traits.h:142)
==1818360==    by 0x407910: _M_allocate (stl_vector.h:387)
==1818360==    by 0x407910: _M_allocate_and_copy<__gnu_cxx::__normal_iterator<const ServerConfig*, std::vector<ServerConfig> > > (stl_vector.h:1910)
==1818360==    by 0x407910: operator= (vector.tcc:238)
==1818360==    by 0x407910: main (main.cpp:28)
==1818360== 
==1818360== 240 bytes in 1 blocks are still reachable in loss record 26 of 31
==1818360==    at 0x48402AC: operator new(unsigned long) (vg_replace_malloc.c:488)
==1818360==    by 0x411C3F: allocate (new_allocator.h:151)
==1818360==    by 0x411C3F: allocate (alloc_traits.h:142)
==1818360==    by 0x411C3F: _M_allocate (stl_vector.h:387)
==1818360==    by 0x411C3F: std::vector<ServerConfig, std::allocator<ServerConfig> >::_M_realloc_append(ServerConfig const&) (vector.tcc:572)
==1818360==    by 0x411846: push_back (stl_vector.h:1427)
==1818360==    by 0x411846: EventLoop::EventLoop(std::vector<ServerConfig, std::allocator<ServerConfig> > const&) (EventLoop.cpp:40)
==1818360==    by 0x40788F: main (main.cpp:29)
==1818360== 
==1818360== 936 bytes in 1 blocks are still reachable in loss record 27 of 31
==1818360==    at 0x48402AC: operator new(unsigned long) (vg_replace_malloc.c:488)
==1818360==    by 0x433867: allocate (new_allocator.h:151)
==1818360==    by 0x433867: allocate (alloc_traits.h:142)
==1818360==    by 0x433867: _M_allocate (stl_vector.h:387)
==1818360==    by 0x433867: _M_allocate_and_copy<__gnu_cxx::__normal_iterator<const LocationConfig*, std::vector<LocationConfig> > > (stl_vector.h:1910)
==1818360==    by 0x433867: operator= (vector.tcc:238)
==1818360==    by 0x433867: ServerConfig::operator=(ServerConfig const&) [clone .part.0] (ServerConfig.cpp:40)
==1818360==    by 0x435B1B: operator= (ServerConfig.cpp:47)
==1818360==    by 0x435B1B: ServerConfig::ServerConfig(ServerConfig const&) (ServerConfig.cpp:49)
==1818360==    by 0x40792A: _Construct<ServerConfig, ServerConfig> (stl_construct.h:142)
==1818360==    by 0x40792A: __do_uninit_copy<__gnu_cxx::__normal_iterator<const ServerConfig*, std::vector<ServerConfig> >, __gnu_cxx::__normal_iterator<const ServerConfig*, std::vector<ServerConfig> >, ServerConfig*> (stl_uninitialized.h:145)
==1818360==    by 0x40792A: __uninit_copy<__gnu_cxx::__normal_iterator<const ServerConfig*, std::vector<ServerConfig> >, ServerConfig*> (stl_uninitialized.h:170)
==1818360==    by 0x40792A: uninitialized_copy<__gnu_cxx::__normal_iterator<const ServerConfig*, std::vector<ServerConfig> >, ServerConfig*> (stl_uninitialized.h:315)
==1818360==    by 0x40792A: __uninitialized_copy_a<__gnu_cxx::__normal_iterator<const ServerConfig*, std::vector<ServerConfig> >, __gnu_cxx::__normal_iterator<const ServerConfig*, std::vector<ServerConfig> >, ServerConfig*, ServerConfig> (stl_uninitialized.h:637)
==1818360==    by 0x40792A: _M_allocate_and_copy<__gnu_cxx::__normal_iterator<const ServerConfig*, std::vector<ServerConfig> > > (stl_vector.h:1912)
==1818360==    by 0x40792A: operator= (vector.tcc:238)
==1818360==    by 0x40792A: main (main.cpp:28)
==1818360== 
==1818360== 936 bytes in 1 blocks are still reachable in loss record 28 of 31
==1818360==    at 0x48402AC: operator new(unsigned long) (vg_replace_malloc.c:488)
==1818360==    by 0x433867: allocate (new_allocator.h:151)
==1818360==    by 0x433867: allocate (alloc_traits.h:142)
==1818360==    by 0x433867: _M_allocate (stl_vector.h:387)
==1818360==    by 0x433867: _M_allocate_and_copy<__gnu_cxx::__normal_iterator<const LocationConfig*, std::vector<LocationConfig> > > (stl_vector.h:1910)
==1818360==    by 0x433867: operator= (vector.tcc:238)
==1818360==    by 0x433867: ServerConfig::operator=(ServerConfig const&) [clone .part.0] (ServerConfig.cpp:40)
==1818360==    by 0x435B1B: operator= (ServerConfig.cpp:47)
==1818360==    by 0x435B1B: ServerConfig::ServerConfig(ServerConfig const&) (ServerConfig.cpp:49)
==1818360==    by 0x411C55: construct (new_allocator.h:205)
==1818360==    by 0x411C55: construct<ServerConfig> (alloc_traits.h:157)
==1818360==    by 0x411C55: std::vector<ServerConfig, std::allocator<ServerConfig> >::_M_realloc_append(ServerConfig const&) (vector.tcc:590)
==1818360==    by 0x411846: push_back (stl_vector.h:1427)
==1818360==    by 0x411846: EventLoop::EventLoop(std::vector<ServerConfig, std::allocator<ServerConfig> > const&) (EventLoop.cpp:40)
==1818360==    by 0x40788F: main (main.cpp:29)
==1818360== 
==1818360== 1,087 bytes in 41 blocks are indirectly lost in loss record 29 of 31
==1818360==    at 0x4841A3A: operator new[](unsigned long) (vg_replace_malloc.c:730)
==1818360==    by 0x40BC5C: handleCgi(HttpRequest const&, LocationConfig const&, std::__cxx11::basic_string<char, std::char_traits<char>, std::allocator<char> > const&) (CgiHandler.cpp:206)
==1818360==    by 0x42DA8B: handleRequest(HttpRequest const&, std::vector<ServerConfig, std::allocator<ServerConfig> > const&) (RequestHandler.cpp:724)
==1818360==    by 0x4108B4: EventLoop::run() (EventLoop.cpp:134)
==1818360==    by 0x4078AD: main (main.cpp:32)
==1818360== 
==1818360== 1,439 (352 direct, 1,087 indirect) bytes in 3 blocks are definitely lost in loss record 30 of 31
==1818360==    at 0x4841A3A: operator new[](unsigned long) (vg_replace_malloc.c:730)
==1818360==    by 0x40BC36: handleCgi(HttpRequest const&, LocationConfig const&, std::__cxx11::basic_string<char, std::char_traits<char>, std::allocator<char> > const&) (CgiHandler.cpp:204)
==1818360==    by 0x42DA8B: handleRequest(HttpRequest const&, std::vector<ServerConfig, std::allocator<ServerConfig> > const&) (RequestHandler.cpp:724)
==1818360==    by 0x4108B4: EventLoop::run() (EventLoop.cpp:134)
==1818360==    by 0x4078AD: main (main.cpp:32)
==1818360== 
==1818360== 73,728 bytes in 1 blocks are still reachable in loss record 31 of 31
==1818360==    at 0x483FB26: malloc (vg_replace_malloc.c:447)
==1818360==    by 0x488D2BB: pool (eh_alloc.cc:235)
==1818360==    by 0x488D2BB: __static_initialization_and_destruction_0 (eh_alloc.cc:373)
==1818360==    by 0x488D2BB: _GLOBAL__sub_I_eh_alloc.cc (eh_alloc.cc:456)
==1818360==    by 0x4005436: call_init (dl-init.c:74)
==1818360==    by 0x4005436: call_init (dl-init.c:26)
==1818360==    by 0x400550C: _dl_init (dl-init.c:121)
==1818360==    by 0x401D81F: ??? (in /usr/lib64/ld-linux-x86-64.so.2)
==1818360==    by 0x1: ???
==1818360==    by 0x1FFEFFFE26: ???
==1818360==    by 0x1FFEFFFE30: ???
==1818360== 
==1818360== LEAK SUMMARY:
==1818360==    definitely lost: 352 bytes in 3 blocks
==1818360==    indirectly lost: 1,087 bytes in 41 blocks
==1818360==      possibly lost: 0 bytes in 0 blocks
==1818360==    still reachable: 77,488 bytes in 37 blocks
==1818360==         suppressed: 0 bytes in 0 blocks
==1818360== 
==1818360== For lists of detected and suppressed errors, rerun with: -s
==1818360== ERROR SUMMARY: 4 errors from 4 contexts (suppressed: 0 from 0)
