==652225== Memcheck, a memory error detector
==652225== Copyright (C) 2002-2024, and GNU GPL'd, by Julian Seward et al.
==652225== Using Valgrind-3.26.0 and LibVEX; rerun with -h for copyright info
==652225== Command: ./webserv exemple.conf
==652225== Parent PID: 650751
==652225== 
==652225== Conditional jump or move depends on uninitialised value(s)
==652225==    at 0x4849918: __strlen_sse2 (vg_replace_strmem.c:508)
==652225==    by 0x40E02C: length (char_traits.h:393)
==652225==    by 0x40E02C: operator<< <std::char_traits<char> > (ostream.h:740)
==652225==    by 0x40E02C: EventLoop::run() (EventLoop.cpp:114)
==652225==    by 0x4071FD: main (main.cpp:32)
==652225== 
==652225== 
==652225== FILE DESCRIPTORS: 4 open (4 inherited) at exit.
==652225== 
==652225== HEAP SUMMARY:
==652225==     in use at exit: 0 bytes in 0 blocks
==652225==   total heap usage: 2,229 allocs, 2,229 frees, 12,624,283 bytes allocated
==652225== 
==652225== All heap blocks were freed -- no leaks are possible
==652225== 
==652225== Use --track-origins=yes to see where uninitialised values come from
==652225== For lists of detected and suppressed errors, rerun with: -s
==652225== ERROR SUMMARY: 1321 errors from 1 contexts (suppressed: 0 from 0)
